2018-07-21 20:04:11,491:DEBUG:starting pipeline run-000, free nodes 4 -> 1
2018-07-21 20:04:11,495:DEBUG:run-000:heatAnalysis LD_LIBRARY_PATH=/Users/Swati/Documents/INSTALLS/lib
2018-07-21 20:04:11,504:INFO:run-000:heatAnalysis start pid=14666 pgid=14666 args=['/usr/local/bin/mpiexec', '-n', '1', '/Users/Swati/Documents/Projects/Dynamic_workflow/heat2d/cpp/heatAnalysis', 'sim.bp', 'heat_res.bp', '1', '1']
2018-07-21 20:04:16,496:DEBUG:run-000:heatSimulation LD_LIBRARY_PATH=/Users/Swati/Documents/INSTALLS/lib
2018-07-21 20:04:16,504:INFO:run-000:heatSimulation start pid=14668 pgid=14668 args=['/usr/local/bin/mpiexec', '-n', '2', '/Users/Swati/Documents/Projects/Dynamic_workflow/heat2d/cpp/heatSimulation', 'sim.bp', '2', '1', '40', '50', '100000', '100000']
2018-07-21 20:04:16,726:DEBUG:run-000:heatSimulation _pgroup_wait max delay 120
2018-07-21 20:04:16,727:INFO:run-000:heatSimulation done 14668 0
2018-07-21 20:04:16,729:DEBUG:run-000:heatSimulation _run_callbacks
2018-07-21 20:04:16,729:DEBUG:finished run, free nodes 1 -> 3
2018-07-21 20:04:16,730:WARNING:run-000 run heatSimulation was not killed intentionally
2018-07-21 20:04:39,311:DEBUG:starting pipeline run-000, free nodes 4 -> 1
2018-07-21 20:04:39,314:DEBUG:run-000:heatAnalysis LD_LIBRARY_PATH=/Users/Swati/Documents/INSTALLS/lib
2018-07-21 20:04:39,323:INFO:run-000:heatAnalysis start pid=14684 pgid=14684 args=['/usr/local/bin/mpiexec', '-n', '1', '/Users/Swati/Documents/Projects/Dynamic_workflow/heat2d/cpp/heatAnalysis', 'sim.bp', 'heat_res.bp', '1', '1']
2018-07-21 20:04:44,318:DEBUG:run-000:heatSimulation LD_LIBRARY_PATH=/Users/Swati/Documents/INSTALLS/lib
2018-07-21 20:04:44,326:INFO:run-000:heatSimulation start pid=14688 pgid=14688 args=['/usr/local/bin/mpiexec', '-n', '2', '/Users/Swati/Documents/Projects/Dynamic_workflow/heat2d/cpp/heatSimulation', 'sim.bp', '2', '1', '40', '50', '100000', '100000']
2018-07-21 20:04:44,502:DEBUG:run-000:heatSimulation _pgroup_wait max delay 120
2018-07-21 20:04:44,502:INFO:run-000:heatSimulation done 14688 0
2018-07-21 20:04:44,503:DEBUG:run-000:heatSimulation _run_callbacks
2018-07-21 20:04:44,503:DEBUG:finished run, free nodes 1 -> 3
2018-07-21 20:04:44,503:WARNING:run-000 run heatSimulation was not killed intentionally
2018-07-21 20:05:16,299:DEBUG:starting pipeline run-000, free nodes 4 -> 1
2018-07-21 20:05:16,302:DEBUG:run-000:heatAnalysis LD_LIBRARY_PATH=/Users/Swati/Documents/INSTALLS/lib
2018-07-21 20:05:16,311:INFO:run-000:heatAnalysis start pid=14719 pgid=14719 args=['/usr/local/bin/mpiexec', '-n', '1', '/Users/Swati/Documents/Projects/Dynamic_workflow/heat2d/cpp/heatAnalysis', 'sim.bp', 'heat_res.bp', '1', '1']
2018-07-21 20:05:21,305:DEBUG:run-000:heatSimulation LD_LIBRARY_PATH=/Users/Swati/Documents/INSTALLS/lib
2018-07-21 20:05:21,312:INFO:run-000:heatSimulation start pid=14722 pgid=14722 args=['/usr/local/bin/mpiexec', '-n', '2', '/Users/Swati/Documents/Projects/Dynamic_workflow/heat2d/cpp/heatSimulation', 'sim.bp', '2', '1', '40', '50', '100000', '100000']
2018-07-21 20:05:21,549:DEBUG:run-000:heatSimulation _pgroup_wait max delay 120
2018-07-21 20:05:21,549:INFO:run-000:heatSimulation done 14722 0
2018-07-21 20:05:21,551:DEBUG:run-000:heatSimulation _run_callbacks
2018-07-21 20:05:21,551:WARNING:run-000 run heatSimulation was not killed intentionally
2018-07-21 20:05:21,551:DEBUG:finished run, free nodes 1 -> 3
2018-07-21 20:06:35,451:DEBUG:starting pipeline run-000, free nodes 4 -> 1
2018-07-21 20:06:35,456:DEBUG:run-000:heatAnalysis LD_LIBRARY_PATH=/Users/Swati/Documents/INSTALLS/lib
2018-07-21 20:06:35,465:INFO:run-000:heatAnalysis start pid=14738 pgid=14738 args=['/usr/local/bin/mpiexec', '-n', '1', '/Users/Swati/Documents/Projects/Dynamic_workflow/heat2d/cpp/heatAnalysis', 'sim.bp', 'heat_res.bp', '1', '1']
2018-07-21 20:06:40,458:DEBUG:run-000:heatSimulation LD_LIBRARY_PATH=/Users/Swati/Documents/INSTALLS/lib
2018-07-21 20:06:40,465:INFO:run-000:heatSimulation start pid=14740 pgid=14740 args=['/usr/local/bin/mpiexec', '-n', '2', '/Users/Swati/Documents/Projects/Dynamic_workflow/heat2d/cpp/heatSimulation', 'sim.bp', '2', '1', '40', '50', '100000', '100000']
2018-07-21 20:06:40,639:DEBUG:run-000:heatSimulation _pgroup_wait max delay 120
2018-07-21 20:06:40,640:INFO:run-000:heatSimulation done 14740 0
2018-07-21 20:06:40,641:DEBUG:run-000:heatSimulation _run_callbacks
2018-07-21 20:06:40,642:DEBUG:finished run, free nodes 1 -> 3
2018-07-21 20:06:40,642:WARNING:run-000 run heatSimulation was not killed intentionally
2018-07-21 20:08:01,442:DEBUG:starting pipeline run-000, free nodes 4 -> 1
2018-07-21 20:08:01,445:DEBUG:run-000:heatAnalysis LD_LIBRARY_PATH=/Users/Swati/Documents/INSTALLS/lib
2018-07-21 20:08:01,454:INFO:run-000:heatAnalysis start pid=14764 pgid=14764 args=['/usr/local/bin/mpiexec', '-n', '1', '/Users/Swati/Documents/Projects/Dynamic_workflow/heat2d/cpp/heatAnalysis', 'sim.bp', 'heat_res.bp', '1', '1']
2018-07-21 20:08:06,451:DEBUG:run-000:heatSimulation LD_LIBRARY_PATH=/Users/Swati/Documents/INSTALLS/lib
2018-07-21 20:08:06,458:INFO:run-000:heatSimulation start pid=14766 pgid=14766 args=['/usr/local/bin/mpiexec', '-n', '2', '/Users/Swati/Documents/Projects/Dynamic_workflow/heat2d/cpp/heatSimulation', 'sim.bp', '2', '1', '40', '50', '100000', '100000']
2018-07-21 20:08:06,632:DEBUG:run-000:heatSimulation _pgroup_wait max delay 120
2018-07-21 20:08:06,632:INFO:run-000:heatSimulation done 14766 0
2018-07-21 20:08:06,633:DEBUG:run-000:heatSimulation _run_callbacks
2018-07-21 20:08:06,633:WARNING:run-000 run heatSimulation was not killed intentionally
2018-07-21 20:08:06,633:DEBUG:finished run, free nodes 1 -> 3
2018-07-21 20:18:01,477:WARNING:run-000:heatAnalysis killing (timeout 600)
2018-07-21 20:18:01,477:DEBUG:run-000:heatAnalysis _term_kill
2018-07-21 20:18:31,484:ERROR:exception in Run thread
Traceback (most recent call last):
  File "/Users/Swati/Documents/Projects/Dynamic_workflow/cheetah/codar/workflow/model.py", line 220, in _run
    self._p.wait(self.timeout)
  File "/usr/local/Cellar/python/3.7.0/Frameworks/Python.framework/Versions/3.7/lib/python3.7/subprocess.py", line 971, in wait
    return self._wait(timeout=timeout)
  File "/usr/local/Cellar/python/3.7.0/Frameworks/Python.framework/Versions/3.7/lib/python3.7/subprocess.py", line 1593, in _wait
    raise TimeoutExpired(self.args, timeout)
subprocess.TimeoutExpired: Command '['/usr/local/bin/mpiexec', '-n', '1', '/Users/Swati/Documents/Projects/Dynamic_workflow/heat2d/cpp/heatAnalysis', 'sim.bp', 'heat_res.bp', '1', '1']' timed out after 600 seconds

During handling of the above exception, another exception occurred:

Traceback (most recent call last):
  File "/Users/Swati/Documents/Projects/Dynamic_workflow/cheetah/codar/workflow/model.py", line 153, in run
    self._run()
  File "/Users/Swati/Documents/Projects/Dynamic_workflow/cheetah/codar/workflow/model.py", line 227, in _run
    self._term_kill()
  File "/Users/Swati/Documents/Projects/Dynamic_workflow/cheetah/codar/workflow/model.py", line 292, in _term_kill
    os.killpg(self._pgid, signal.SIGKILL)
PermissionError: [Errno 1] Operation not permitted
2018-07-21 20:18:31,486:DEBUG:run-000:heatAnalysis _run_callbacks
2018-07-21 20:18:31,486:WARNING:run-000 run heatAnalysis was not killed intentionally
2018-07-21 20:18:31,486:DEBUG:run-000 _execute_done_callbacks
2018-07-21 20:18:31,488:DEBUG:finished run, free nodes 3 -> 4
2018-07-21 20:27:33,268:DEBUG:starting pipeline run-000, free nodes 4 -> 1
2018-07-21 20:27:33,271:DEBUG:run-000:heatAnalysis LD_LIBRARY_PATH=/Users/Swati/Documents/INSTALLS/lib
2018-07-21 20:27:33,276:INFO:run-000:heatAnalysis start pid=14857 pgid=14857 args=['/usr/local/bin/mpiexec', '-n', '1', '/Users/Swati/Documents/Projects/Dynamic_workflow/heat2d/cpp/heatAnalysis', 'sim.bp', 'heat_res.bp', '1', '1']
2018-07-21 20:27:38,272:DEBUG:run-000:heatSimulation LD_LIBRARY_PATH=/Users/Swati/Documents/INSTALLS/lib
2018-07-21 20:27:38,281:INFO:run-000:heatSimulation start pid=14859 pgid=14859 args=['/usr/local/bin/mpiexec', '-n', '2', '/Users/Swati/Documents/Projects/Dynamic_workflow/heat2d/cpp/heatSimulation', 'sim.bp', '2', '1', '40', '50', '100000', '100000']
2018-07-21 20:27:48,360:WARNING:killing  and adding a new task...

2018-07-21 20:27:48,360:WARNING:run-000:heatAnalysis kill requested
2018-07-21 20:27:48,362:DEBUG:run-000:heatAnalysis _term_kill
2018-07-21 20:27:49,443:DEBUG:run-000:heatAnalysis _pgroup_wait max delay 120
2018-07-21 20:27:49,444:INFO:run-000:heatAnalysis done 14857 1
2018-07-21 20:27:49,444:DEBUG:run-000:heatAnalysis _run_basic_callbacks
2018-07-21 20:27:49,444:WARNING:run-000 run heatAnalysis was killed intentionally
2018-07-21 20:28:18,374:DEBUG:run-000:heatAnalysis LD_LIBRARY_PATH=/Users/Swati/Documents/INSTALLS/lib
2018-07-21 20:28:18,386:INFO:run-000:heatAnalysis start pid=14865 pgid=14865 args=['/usr/local/bin/mpiexec', '-n', '2', '/Users/Swati/Documents/Projects/Dynamic_workflow/heat2d/cpp/heatAnalysis', 'sim.bp', 'heat_res.bp', '1', '1']
2018-07-21 20:28:18,612:DEBUG:run-000:heatAnalysis _pgroup_wait max delay 120
2018-07-21 20:28:18,613:INFO:run-000:heatAnalysis done 14865 0
2018-07-21 20:28:18,613:DEBUG:run-000:heatAnalysis _run_callbacks
2018-07-21 20:28:18,614:WARNING:run-000 run heatAnalysis was not killed intentionally
2018-07-21 20:28:18,614:DEBUG:finished run, free nodes 1 -> 2
2018-07-21 20:28:52,185:WARNING:killing  and adding a new task...

2018-07-21 20:35:38,291:DEBUG:starting pipeline run-000, free nodes 4 -> 1
2018-07-21 20:35:38,296:DEBUG:run-000:heatAnalysis LD_LIBRARY_PATH=/Users/Swati/Documents/INSTALLS/lib
2018-07-21 20:35:38,300:INFO:run-000:heatAnalysis start pid=14904 pgid=14904 args=['/usr/local/bin/mpiexec', '-n', '1', '/Users/Swati/Documents/Projects/Dynamic_workflow/heat2d/cpp/heatAnalysis', 'sim.bp', 'heat_res.bp', '1', '1']
2018-07-21 20:35:43,298:DEBUG:run-000:heatSimulation LD_LIBRARY_PATH=/Users/Swati/Documents/INSTALLS/lib
2018-07-21 20:35:43,304:INFO:run-000:heatSimulation start pid=14906 pgid=14906 args=['/usr/local/bin/mpiexec', '-n', '2', '/Users/Swati/Documents/Projects/Dynamic_workflow/heat2d/cpp/heatSimulation', 'sim.bp', '2', '1', '40', '50', '100000', '100000']
2018-07-21 20:35:49,763:WARNING:killing  and adding a new task...

2018-07-21 20:35:49,765:WARNING:run-000:heatAnalysis kill requested
2018-07-21 20:35:49,765:DEBUG:run-000:heatAnalysis _term_kill
2018-07-21 20:35:51,428:DEBUG:run-000:heatAnalysis _pgroup_wait max delay 120
2018-07-21 20:35:51,428:INFO:run-000:heatAnalysis done 14904 1
2018-07-21 20:35:51,429:DEBUG:run-000:heatAnalysis _run_basic_callbacks
2018-07-21 20:35:51,429:WARNING:run-000 run heatAnalysis was killed intentionally
2018-07-21 20:36:19,774:DEBUG:run-000:heatAnalysis LD_LIBRARY_PATH=/Users/Swati/Documents/INSTALLS/lib
2018-07-21 20:36:19,787:INFO:run-000:heatAnalysis start pid=14911 pgid=14911 args=['/usr/local/bin/mpiexec', '-n', '2', '/Users/Swati/Documents/Projects/Dynamic_workflow/heat2d/cpp/heatAnalysis', 'sim.bp', 'heat_res.bp', '1', '1']
2018-07-21 20:36:19,968:DEBUG:run-000:heatAnalysis _pgroup_wait max delay 120
2018-07-21 20:36:19,968:INFO:run-000:heatAnalysis done 14911 0
2018-07-21 20:36:19,969:DEBUG:run-000:heatAnalysis _run_callbacks
2018-07-21 20:36:19,969:WARNING:run-000 run heatAnalysis was not killed intentionally
2018-07-21 20:36:19,969:DEBUG:finished run, free nodes 1 -> 2
2018-07-21 20:39:45,891:DEBUG:starting pipeline run-000, free nodes 4 -> 1
2018-07-21 20:39:45,893:DEBUG:run-000:heatAnalysis LD_LIBRARY_PATH=/Users/Swati/Documents/INSTALLS/lib
2018-07-21 20:39:45,899:INFO:run-000:heatAnalysis start pid=14947 pgid=14947 args=['/usr/local/bin/mpiexec', '-n', '1', '/Users/Swati/Documents/Projects/Dynamic_workflow/heat2d/cpp/heatAnalysis', 'sim.bp', 'heat_res.bp', '1', '1']
2018-07-21 20:39:50,894:DEBUG:run-000:heatSimulation LD_LIBRARY_PATH=/Users/Swati/Documents/INSTALLS/lib
2018-07-21 20:39:50,900:INFO:run-000:heatSimulation start pid=14949 pgid=14949 args=['/usr/local/bin/mpiexec', '-n', '2', '/Users/Swati/Documents/Projects/Dynamic_workflow/heat2d/cpp/heatSimulation', 'sim.bp', '2', '1', '40', '50', '100000', '100000']
2018-07-21 20:49:45,919:WARNING:run-000:heatAnalysis killing (timeout 600)
2018-07-21 20:49:45,920:DEBUG:run-000:heatAnalysis _term_kill
2018-07-21 20:49:50,920:WARNING:run-000:heatSimulation killing (timeout 600)
2018-07-21 20:49:50,920:DEBUG:run-000:heatSimulation _term_kill
2018-07-21 20:50:15,922:ERROR:exception in Run thread
Traceback (most recent call last):
  File "/Users/Swati/Documents/Projects/Dynamic_workflow/cheetah/codar/workflow/model.py", line 220, in _run
    self._p.wait(self.timeout)
  File "/usr/local/Cellar/python/3.7.0/Frameworks/Python.framework/Versions/3.7/lib/python3.7/subprocess.py", line 971, in wait
    return self._wait(timeout=timeout)
  File "/usr/local/Cellar/python/3.7.0/Frameworks/Python.framework/Versions/3.7/lib/python3.7/subprocess.py", line 1593, in _wait
    raise TimeoutExpired(self.args, timeout)
subprocess.TimeoutExpired: Command '['/usr/local/bin/mpiexec', '-n', '1', '/Users/Swati/Documents/Projects/Dynamic_workflow/heat2d/cpp/heatAnalysis', 'sim.bp', 'heat_res.bp', '1', '1']' timed out after 600 seconds

During handling of the above exception, another exception occurred:

Traceback (most recent call last):
  File "/Users/Swati/Documents/Projects/Dynamic_workflow/cheetah/codar/workflow/model.py", line 153, in run
    self._run()
  File "/Users/Swati/Documents/Projects/Dynamic_workflow/cheetah/codar/workflow/model.py", line 227, in _run
    self._term_kill()
  File "/Users/Swati/Documents/Projects/Dynamic_workflow/cheetah/codar/workflow/model.py", line 292, in _term_kill
    os.killpg(self._pgid, signal.SIGKILL)
PermissionError: [Errno 1] Operation not permitted
2018-07-21 20:50:15,925:DEBUG:run-000:heatAnalysis _run_callbacks
2018-07-21 20:50:15,925:DEBUG:finished run, free nodes 1 -> 2
2018-07-21 20:50:15,926:WARNING:run-000 run heatAnalysis was not killed intentionally
2018-07-21 20:50:20,924:ERROR:exception in Run thread
Traceback (most recent call last):
  File "/Users/Swati/Documents/Projects/Dynamic_workflow/cheetah/codar/workflow/model.py", line 220, in _run
    self._p.wait(self.timeout)
  File "/usr/local/Cellar/python/3.7.0/Frameworks/Python.framework/Versions/3.7/lib/python3.7/subprocess.py", line 971, in wait
    return self._wait(timeout=timeout)
  File "/usr/local/Cellar/python/3.7.0/Frameworks/Python.framework/Versions/3.7/lib/python3.7/subprocess.py", line 1593, in _wait
    raise TimeoutExpired(self.args, timeout)
subprocess.TimeoutExpired: Command '['/usr/local/bin/mpiexec', '-n', '2', '/Users/Swati/Documents/Projects/Dynamic_workflow/heat2d/cpp/heatSimulation', 'sim.bp', '2', '1', '40', '50', '100000', '100000']' timed out after 600 seconds

During handling of the above exception, another exception occurred:

Traceback (most recent call last):
  File "/Users/Swati/Documents/Projects/Dynamic_workflow/cheetah/codar/workflow/model.py", line 153, in run
    self._run()
  File "/Users/Swati/Documents/Projects/Dynamic_workflow/cheetah/codar/workflow/model.py", line 227, in _run
    self._term_kill()
  File "/Users/Swati/Documents/Projects/Dynamic_workflow/cheetah/codar/workflow/model.py", line 292, in _term_kill
    os.killpg(self._pgid, signal.SIGKILL)
PermissionError: [Errno 1] Operation not permitted
2018-07-21 20:50:20,925:DEBUG:run-000:heatSimulation _run_callbacks
2018-07-21 20:50:20,925:DEBUG:finished run, free nodes 2 -> 4
2018-07-21 20:50:20,925:WARNING:run-000 run heatSimulation was not killed intentionally
2018-07-21 20:50:20,925:DEBUG:run-000 _execute_done_callbacks
2018-07-21 20:50:38,579:DEBUG:starting pipeline run-000, free nodes 4 -> 1
2018-07-21 20:50:38,583:DEBUG:run-000:heatAnalysis LD_LIBRARY_PATH=/Users/Swati/Documents/INSTALLS/lib
2018-07-21 20:50:38,588:INFO:run-000:heatAnalysis start pid=14997 pgid=14997 args=['/usr/local/bin/mpiexec', '-n', '1', '/Users/Swati/Documents/Projects/Dynamic_workflow/heat2d/cpp/heatAnalysis', 'sim.bp', 'heat_res.bp', '1', '1']
2018-07-21 20:50:43,581:DEBUG:run-000:heatSimulation LD_LIBRARY_PATH=/Users/Swati/Documents/INSTALLS/lib
2018-07-21 20:50:43,586:INFO:run-000:heatSimulation start pid=14999 pgid=14999 args=['/usr/local/bin/mpiexec', '-n', '2', '/Users/Swati/Documents/Projects/Dynamic_workflow/heat2d/cpp/heatSimulation', 'sim.bp', '2', '1', '40', '50', '100000', '100000']
2018-07-21 20:51:21,762:WARNING:killing  and adding a new task...

2018-07-21 20:51:21,763:WARNING:run-000:heatAnalysis kill requested
2018-07-21 20:51:21,764:DEBUG:run-000:heatAnalysis _term_kill
2018-07-21 20:51:22,841:DEBUG:run-000:heatAnalysis _pgroup_wait max delay 120
2018-07-21 20:51:22,841:INFO:run-000:heatAnalysis done 14997 1
2018-07-21 20:51:22,843:DEBUG:run-000:heatAnalysis _run_basic_callbacks
2018-07-21 20:51:22,843:WARNING:run-000 run heatAnalysis was killed intentionally
2018-07-21 20:51:51,774:DEBUG:run-000:heatAnalysis LD_LIBRARY_PATH=/Users/Swati/Documents/INSTALLS/lib
2018-07-21 20:51:51,792:INFO:run-000:heatAnalysis start pid=15006 pgid=15006 args=['/usr/local/bin/mpiexec', '-n', '2', '/Users/Swati/Documents/Projects/Dynamic_workflow/heat2d/cpp/heatAnalysis', 'sim.bp', 'heat_res.bp', '1', '1']
2018-07-21 20:51:52,032:DEBUG:run-000:heatAnalysis _pgroup_wait max delay 120
2018-07-21 20:51:52,032:INFO:run-000:heatAnalysis done 15006 0
2018-07-21 20:51:52,033:DEBUG:run-000:heatAnalysis _run_callbacks
2018-07-21 20:51:52,033:WARNING:run-000 run heatAnalysis was not killed intentionally
2018-07-21 20:51:52,034:DEBUG:finished run, free nodes 1 -> 2
2018-07-21 20:53:08,044:WARNING:killing  and adding a new task...

2018-07-21 20:53:08,046:WARNING:run-000:heatSimulation kill requested
2018-07-21 20:53:08,047:DEBUG:run-000:heatSimulation _term_kill
2018-07-21 20:53:09,115:DEBUG:run-000:heatSimulation _pgroup_wait max delay 120
2018-07-21 20:53:09,115:INFO:run-000:heatSimulation done 14999 1
2018-07-21 20:53:09,116:DEBUG:run-000:heatSimulation _run_basic_callbacks
2018-07-21 20:53:09,116:WARNING:run-000 run heatSimulation was killed intentionally
2018-07-21 20:53:09,116:DEBUG:run-000 _execute_done_callbacks
2018-07-21 20:53:09,117:ERROR:exception in Run thread
Traceback (most recent call last):
  File "/Users/Swati/Documents/Projects/Dynamic_workflow/cheetah/codar/workflow/model.py", line 153, in run
    self._run()
  File "/Users/Swati/Documents/Projects/Dynamic_workflow/cheetah/codar/workflow/model.py", line 246, in _run
    self._run_basic_callbacks()
  File "/Users/Swati/Documents/Projects/Dynamic_workflow/cheetah/codar/workflow/model.py", line 257, in _run_basic_callbacks
    callback(self)
  File "/Users/Swati/Documents/Projects/Dynamic_workflow/cheetah/codar/workflow/model.py", line 554, in run_finished
    self._execute_done_callbacks()
  File "/Users/Swati/Documents/Projects/Dynamic_workflow/cheetah/codar/workflow/model.py", line 613, in _execute_done_callbacks
    cb(self)
  File "/Users/Swati/Documents/Projects/Dynamic_workflow/cheetah/codar/workflow/consumer.py", line 180, in pipeline_finished
    self._status.set_state(pipeline.get_state())
  File "/Users/Swati/Documents/Projects/Dynamic_workflow/cheetah/codar/workflow/model.py", line 673, in get_state
    elif any(r.timed_out for r in self.runs):
  File "/Users/Swati/Documents/Projects/Dynamic_workflow/cheetah/codar/workflow/model.py", line 673, in <genexpr>
    elif any(r.timed_out for r in self.runs):
  File "/Users/Swati/Documents/Projects/Dynamic_workflow/cheetah/codar/workflow/model.py", line 109, in timed_out
    raise ValueError("timed out state not available until run is done")
ValueError: timed out state not available until run is done
2018-07-21 20:53:09,118:DEBUG:run-000:heatSimulation _run_callbacks
2018-07-21 20:53:09,118:WARNING:run-000 run heatSimulation was not killed intentionally
2018-07-21 20:53:09,118:ERROR:exception in Run callbacks after Run thread exception
Traceback (most recent call last):
  File "/Users/Swati/Documents/Projects/Dynamic_workflow/cheetah/codar/workflow/model.py", line 153, in run
    self._run()
  File "/Users/Swati/Documents/Projects/Dynamic_workflow/cheetah/codar/workflow/model.py", line 246, in _run
    self._run_basic_callbacks()
  File "/Users/Swati/Documents/Projects/Dynamic_workflow/cheetah/codar/workflow/model.py", line 257, in _run_basic_callbacks
    callback(self)
  File "/Users/Swati/Documents/Projects/Dynamic_workflow/cheetah/codar/workflow/model.py", line 554, in run_finished
    self._execute_done_callbacks()
  File "/Users/Swati/Documents/Projects/Dynamic_workflow/cheetah/codar/workflow/model.py", line 613, in _execute_done_callbacks
    cb(self)
  File "/Users/Swati/Documents/Projects/Dynamic_workflow/cheetah/codar/workflow/consumer.py", line 180, in pipeline_finished
    self._status.set_state(pipeline.get_state())
  File "/Users/Swati/Documents/Projects/Dynamic_workflow/cheetah/codar/workflow/model.py", line 673, in get_state
    elif any(r.timed_out for r in self.runs):
  File "/Users/Swati/Documents/Projects/Dynamic_workflow/cheetah/codar/workflow/model.py", line 673, in <genexpr>
    elif any(r.timed_out for r in self.runs):
  File "/Users/Swati/Documents/Projects/Dynamic_workflow/cheetah/codar/workflow/model.py", line 109, in timed_out
    raise ValueError("timed out state not available until run is done")
ValueError: timed out state not available until run is done

During handling of the above exception, another exception occurred:

Traceback (most recent call last):
  File "/Users/Swati/Documents/Projects/Dynamic_workflow/cheetah/codar/workflow/model.py", line 165, in run
    self._run_callbacks()
  File "/Users/Swati/Documents/Projects/Dynamic_workflow/cheetah/codar/workflow/model.py", line 252, in _run_callbacks
    callback(self)
  File "/Users/Swati/Documents/Projects/Dynamic_workflow/cheetah/codar/workflow/model.py", line 538, in run_finished
    self._active_runs.remove(run)
KeyError: <Run(heatSimulation, started 123145349971968)>
2018-07-21 20:53:38,058:DEBUG:run-000:heatSimulation LD_LIBRARY_PATH=/Users/Swati/Documents/INSTALLS/lib
2018-07-21 20:53:38,070:INFO:run-000:heatSimulation start pid=15012 pgid=15012 args=['/usr/local/bin/mpiexec', '-n', '3', '/Users/Swati/Documents/Projects/Dynamic_workflow/heat2d/cpp/heatSimulation', 'sim.bp', '2', '1', '40', '50', '100000', '100000']
2018-07-21 20:53:38,196:DEBUG:run-000:heatSimulation _pgroup_wait max delay 120
2018-07-21 20:53:38,196:INFO:run-000:heatSimulation done 15012 1
2018-07-21 20:53:38,197:DEBUG:run-000:heatSimulation _run_callbacks
2018-07-21 20:53:38,197:WARNING:run-000 run heatSimulation was not killed intentionally
2018-07-21 20:53:38,197:DEBUG:run-000 _execute_done_callbacks
2018-07-21 20:53:38,198:ERROR:exception in Run thread
Traceback (most recent call last):
  File "/Users/Swati/Documents/Projects/Dynamic_workflow/cheetah/codar/workflow/model.py", line 153, in run
    self._run()
  File "/Users/Swati/Documents/Projects/Dynamic_workflow/cheetah/codar/workflow/model.py", line 244, in _run
    self._run_callbacks()
  File "/Users/Swati/Documents/Projects/Dynamic_workflow/cheetah/codar/workflow/model.py", line 252, in _run_callbacks
    callback(self)
  File "/Users/Swati/Documents/Projects/Dynamic_workflow/cheetah/codar/workflow/model.py", line 554, in run_finished
    self._execute_done_callbacks()
  File "/Users/Swati/Documents/Projects/Dynamic_workflow/cheetah/codar/workflow/model.py", line 613, in _execute_done_callbacks
    cb(self)
  File "/Users/Swati/Documents/Projects/Dynamic_workflow/cheetah/codar/workflow/consumer.py", line 178, in pipeline_finished
    self._running_pipelines.remove(pipeline)
KeyError: <codar.workflow.model.Pipeline object at 0x10f048cc0>
2018-07-21 20:53:38,198:DEBUG:run-000:heatSimulation _run_callbacks
2018-07-21 20:53:38,198:WARNING:run-000 run heatSimulation was not killed intentionally
2018-07-21 20:53:38,198:ERROR:exception in Run callbacks after Run thread exception
Traceback (most recent call last):
  File "/Users/Swati/Documents/Projects/Dynamic_workflow/cheetah/codar/workflow/model.py", line 153, in run
    self._run()
  File "/Users/Swati/Documents/Projects/Dynamic_workflow/cheetah/codar/workflow/model.py", line 244, in _run
    self._run_callbacks()
  File "/Users/Swati/Documents/Projects/Dynamic_workflow/cheetah/codar/workflow/model.py", line 252, in _run_callbacks
    callback(self)
  File "/Users/Swati/Documents/Projects/Dynamic_workflow/cheetah/codar/workflow/model.py", line 554, in run_finished
    self._execute_done_callbacks()
  File "/Users/Swati/Documents/Projects/Dynamic_workflow/cheetah/codar/workflow/model.py", line 613, in _execute_done_callbacks
    cb(self)
  File "/Users/Swati/Documents/Projects/Dynamic_workflow/cheetah/codar/workflow/consumer.py", line 178, in pipeline_finished
    self._running_pipelines.remove(pipeline)
KeyError: <codar.workflow.model.Pipeline object at 0x10f048cc0>

During handling of the above exception, another exception occurred:

Traceback (most recent call last):
  File "/Users/Swati/Documents/Projects/Dynamic_workflow/cheetah/codar/workflow/model.py", line 165, in run
    self._run_callbacks()
  File "/Users/Swati/Documents/Projects/Dynamic_workflow/cheetah/codar/workflow/model.py", line 252, in _run_callbacks
    callback(self)
  File "/Users/Swati/Documents/Projects/Dynamic_workflow/cheetah/codar/workflow/model.py", line 538, in run_finished
    self._active_runs.remove(run)
KeyError: <Run(heatSimulation, started 123145334206464)>
2018-07-21 20:55:40,270:DEBUG:starting pipeline run-000, free nodes 4 -> 1
2018-07-21 20:55:40,272:DEBUG:run-000:heatAnalysis LD_LIBRARY_PATH=/Users/Swati/Documents/INSTALLS/lib
2018-07-21 20:55:40,279:INFO:run-000:heatAnalysis start pid=15033 pgid=15033 args=['/usr/local/bin/mpiexec', '-n', '1', '/Users/Swati/Documents/Projects/Dynamic_workflow/heat2d/cpp/heatAnalysis', 'sim.bp', 'heat_res.bp', '1', '1']
2018-07-21 20:55:45,274:DEBUG:run-000:heatSimulation LD_LIBRARY_PATH=/Users/Swati/Documents/INSTALLS/lib
2018-07-21 20:55:45,280:INFO:run-000:heatSimulation start pid=15036 pgid=15036 args=['/usr/local/bin/mpiexec', '-n', '2', '/Users/Swati/Documents/Projects/Dynamic_workflow/heat2d/cpp/heatSimulation', 'sim.bp', '2', '1', '40', '50', '100000', '100000']
2018-07-21 20:56:19,853:WARNING:killing  and adding a new task...

2018-07-21 20:56:19,854:WARNING:run-000:heatAnalysis kill requested
2018-07-21 20:56:19,856:DEBUG:run-000:heatAnalysis _term_kill
2018-07-21 20:56:20,926:DEBUG:run-000:heatAnalysis _pgroup_wait max delay 120
2018-07-21 20:56:20,926:INFO:run-000:heatAnalysis done 15033 1
2018-07-21 20:56:20,927:DEBUG:run-000:heatAnalysis _run_basic_callbacks
2018-07-21 20:56:20,928:WARNING:run-000 run heatAnalysis was killed intentionally
2018-07-21 20:56:49,860:DEBUG:run-000:heatAnalysis LD_LIBRARY_PATH=/Users/Swati/Documents/INSTALLS/lib
2018-07-21 20:56:49,868:INFO:run-000:heatAnalysis start pid=15041 pgid=15041 args=['/usr/local/bin/mpiexec', '-n', '2', '/Users/Swati/Documents/Projects/Dynamic_workflow/heat2d/cpp/heatAnalysis', 'sim.bp', 'heat_res.bp', '1', '1']
2018-07-21 20:56:50,206:DEBUG:run-000:heatAnalysis _pgroup_wait max delay 120
2018-07-21 20:56:50,207:INFO:run-000:heatAnalysis done 15041 0
2018-07-21 20:56:50,208:DEBUG:run-000:heatAnalysis _run_callbacks
2018-07-21 20:56:50,208:WARNING:run-000 run heatAnalysis was not killed intentionally
2018-07-21 20:56:50,208:DEBUG:finished run, free nodes 1 -> 2
2018-07-21 21:05:02,898:DEBUG:starting pipeline run-000, free nodes 4 -> 1
2018-07-21 21:05:02,899:DEBUG:run-000:heatAnalysis LD_LIBRARY_PATH=/Users/Swati/Documents/INSTALLS/lib
2018-07-21 21:05:02,905:INFO:run-000:heatAnalysis start pid=15086 pgid=15086 args=['/usr/local/bin/mpiexec', '-n', '1', '/Users/Swati/Documents/Projects/Dynamic_workflow/heat2d/cpp/heatAnalysis', 'sim.bp', 'heat_res.bp', '1', '1']
2018-07-21 21:05:07,903:DEBUG:run-000:heatSimulation LD_LIBRARY_PATH=/Users/Swati/Documents/INSTALLS/lib
2018-07-21 21:05:07,916:INFO:run-000:heatSimulation start pid=15088 pgid=15088 args=['/usr/local/bin/mpiexec', '-n', '2', '/Users/Swati/Documents/Projects/Dynamic_workflow/heat2d/cpp/heatSimulation', 'sim.bp', '2', '1', '40', '50', '100000', '100000']
2018-07-21 21:05:23,945:WARNING:killing  and adding a new task...

2018-07-21 21:05:23,946:WARNING:run-000:heatAnalysis kill requested
2018-07-21 21:05:23,947:DEBUG:run-000:heatAnalysis _term_kill
2018-07-21 21:05:25,626:DEBUG:run-000:heatAnalysis _pgroup_wait max delay 120
2018-07-21 21:05:25,626:INFO:run-000:heatAnalysis done 15086 1
2018-07-21 21:05:25,627:DEBUG:run-000:heatAnalysis _run_basic_callbacks
2018-07-21 21:05:25,627:WARNING:run-000 run heatAnalysis was killed intentionally
2018-07-21 21:09:18,539:DEBUG:starting pipeline run-000, free nodes 4 -> 1
2018-07-21 21:09:18,541:DEBUG:run-000:heatAnalysis LD_LIBRARY_PATH=/Users/Swati/Documents/INSTALLS/lib
2018-07-21 21:09:18,547:INFO:run-000:heatAnalysis start pid=15108 pgid=15108 args=['/usr/local/bin/mpiexec', '-n', '1', '/Users/Swati/Documents/Projects/Dynamic_workflow/heat2d/cpp/heatAnalysis', 'sim.bp', 'heat_res.bp', '1', '1']
2018-07-21 21:09:23,546:DEBUG:run-000:heatSimulation LD_LIBRARY_PATH=/Users/Swati/Documents/INSTALLS/lib
2018-07-21 21:09:23,550:INFO:run-000:heatSimulation start pid=15110 pgid=15110 args=['/usr/local/bin/mpiexec', '-n', '2', '/Users/Swati/Documents/Projects/Dynamic_workflow/heat2d/cpp/heatSimulation', 'sim.bp', '2', '1', '40', '50', '100000', '100000']
2018-07-21 21:09:35,005:WARNING:killing  and adding a new task...

2018-07-21 21:09:35,006:WARNING:run-000:heatAnalysis kill requested
2018-07-21 21:09:35,008:DEBUG:run-000:heatAnalysis _term_kill
2018-07-21 21:09:36,694:DEBUG:run-000:heatAnalysis _pgroup_wait max delay 120
2018-07-21 21:09:36,695:INFO:run-000:heatAnalysis done 15108 1
2018-07-21 21:09:36,696:DEBUG:run-000:heatAnalysis _run_basic_callbacks
2018-07-21 21:09:36,696:WARNING:run-000 run heatAnalysis was killed intentionally
2018-07-21 21:10:05,020:DEBUG:run-000:heatAnalysis LD_LIBRARY_PATH=/Users/Swati/Documents/INSTALLS/lib
2018-07-21 21:10:05,032:INFO:run-000:heatAnalysis start pid=15115 pgid=15115 args=['/usr/local/bin/mpiexec', '-n', '2', '/Users/Swati/Documents/Projects/Dynamic_workflow/heat2d/cpp/heatAnalysis', 'sim.bp', 'heat_res.bp', '2', '1']
2018-07-21 21:19:23,573:WARNING:run-000:heatSimulation killing (timeout 600)
2018-07-21 21:19:23,575:DEBUG:run-000:heatSimulation _term_kill
2018-07-21 21:19:53,577:ERROR:exception in Run thread
Traceback (most recent call last):
  File "/Users/Swati/Documents/Projects/Dynamic_workflow/cheetah/codar/workflow/model.py", line 221, in _run
    self._p.wait(self.timeout)
  File "/usr/local/Cellar/python/3.7.0/Frameworks/Python.framework/Versions/3.7/lib/python3.7/subprocess.py", line 971, in wait
    return self._wait(timeout=timeout)
  File "/usr/local/Cellar/python/3.7.0/Frameworks/Python.framework/Versions/3.7/lib/python3.7/subprocess.py", line 1593, in _wait
    raise TimeoutExpired(self.args, timeout)
subprocess.TimeoutExpired: Command '['/usr/local/bin/mpiexec', '-n', '2', '/Users/Swati/Documents/Projects/Dynamic_workflow/heat2d/cpp/heatSimulation', 'sim.bp', '2', '1', '40', '50', '100000', '100000']' timed out after 600 seconds

During handling of the above exception, another exception occurred:

Traceback (most recent call last):
  File "/Users/Swati/Documents/Projects/Dynamic_workflow/cheetah/codar/workflow/model.py", line 154, in run
    self._run()
  File "/Users/Swati/Documents/Projects/Dynamic_workflow/cheetah/codar/workflow/model.py", line 228, in _run
    self._term_kill()
  File "/Users/Swati/Documents/Projects/Dynamic_workflow/cheetah/codar/workflow/model.py", line 293, in _term_kill
    os.killpg(self._pgid, signal.SIGKILL)
PermissionError: [Errno 1] Operation not permitted
2018-07-21 21:19:53,580:DEBUG:run-000:heatSimulation _run_callbacks
2018-07-21 21:19:53,580:WARNING:run-000 run heatSimulation was not killed intentionally
2018-07-21 21:19:53,581:DEBUG:finished run, free nodes 1 -> 3
2018-07-21 21:20:05,055:WARNING:run-000:heatAnalysis killing (timeout 600)
2018-07-21 21:20:05,055:DEBUG:run-000:heatAnalysis _term_kill
2018-07-21 21:20:35,061:ERROR:exception in Run thread
Traceback (most recent call last):
  File "/Users/Swati/Documents/Projects/Dynamic_workflow/cheetah/codar/workflow/model.py", line 221, in _run
    self._p.wait(self.timeout)
  File "/usr/local/Cellar/python/3.7.0/Frameworks/Python.framework/Versions/3.7/lib/python3.7/subprocess.py", line 971, in wait
    return self._wait(timeout=timeout)
  File "/usr/local/Cellar/python/3.7.0/Frameworks/Python.framework/Versions/3.7/lib/python3.7/subprocess.py", line 1593, in _wait
    raise TimeoutExpired(self.args, timeout)
subprocess.TimeoutExpired: Command '['/usr/local/bin/mpiexec', '-n', '2', '/Users/Swati/Documents/Projects/Dynamic_workflow/heat2d/cpp/heatAnalysis', 'sim.bp', 'heat_res.bp', '2', '1']' timed out after 600 seconds

During handling of the above exception, another exception occurred:

Traceback (most recent call last):
  File "/Users/Swati/Documents/Projects/Dynamic_workflow/cheetah/codar/workflow/model.py", line 154, in run
    self._run()
  File "/Users/Swati/Documents/Projects/Dynamic_workflow/cheetah/codar/workflow/model.py", line 228, in _run
    self._term_kill()
  File "/Users/Swati/Documents/Projects/Dynamic_workflow/cheetah/codar/workflow/model.py", line 293, in _term_kill
    os.killpg(self._pgid, signal.SIGKILL)
PermissionError: [Errno 1] Operation not permitted
2018-07-21 21:20:35,062:DEBUG:run-000:heatAnalysis _run_callbacks
2018-07-21 21:20:35,062:WARNING:run-000 run heatAnalysis was not killed intentionally
2018-07-21 21:20:35,062:DEBUG:run-000 _execute_done_callbacks
2018-07-21 21:20:35,065:DEBUG:finished run, free nodes 3 -> 4
2018-07-21 21:28:57,600:DEBUG:starting pipeline run-000, free nodes 4 -> 1
2018-07-21 21:28:57,602:DEBUG:run-000:heatAnalysis LD_LIBRARY_PATH=/Users/Swati/Documents/INSTALLS/lib
2018-07-21 21:28:57,608:INFO:run-000:heatAnalysis start pid=15169 pgid=15169 args=['/usr/local/bin/mpiexec', '-n', '1', '/Users/Swati/Documents/Projects/Dynamic_workflow/heat2d/cpp/heatAnalysis', 'sim.bp', 'heat_res.bp', '1', '1']
2018-07-21 21:29:02,607:DEBUG:run-000:heatSimulation LD_LIBRARY_PATH=/Users/Swati/Documents/INSTALLS/lib
2018-07-21 21:29:02,613:INFO:run-000:heatSimulation start pid=15171 pgid=15171 args=['/usr/local/bin/mpiexec', '-n', '2', '/Users/Swati/Documents/Projects/Dynamic_workflow/heat2d/cpp/heatSimulation', 'sim.bp', '2', '1', '40', '50', '100000', '100000']
2018-07-21 21:30:46,693:DEBUG:starting pipeline run-000, free nodes 4 -> 1
2018-07-21 21:30:46,695:DEBUG:run-000:heatAnalysis LD_LIBRARY_PATH=/Users/Swati/Documents/INSTALLS/lib
2018-07-21 21:30:46,700:INFO:run-000:heatAnalysis start pid=15200 pgid=15200 args=['/usr/local/bin/mpiexec', '-n', '1', '/Users/Swati/Documents/Projects/Dynamic_workflow/heat2d/cpp/heatAnalysis', 'sim.bp', 'heat_res.bp', '1', '1']
2018-07-21 21:30:51,699:DEBUG:run-000:heatSimulation LD_LIBRARY_PATH=/Users/Swati/Documents/INSTALLS/lib
2018-07-21 21:30:51,707:INFO:run-000:heatSimulation start pid=15205 pgid=15205 args=['/usr/local/bin/mpiexec', '-n', '2', '/Users/Swati/Documents/Projects/Dynamic_workflow/heat2d/cpp/heatSimulation', 'sim.bp', '2', '1', '40', '50', '100000', '100000']
2018-07-21 21:34:35,974:DEBUG:starting pipeline run-000, free nodes 4 -> 1
2018-07-21 21:34:35,975:DEBUG:run-000:heatAnalysis LD_LIBRARY_PATH=/Users/Swati/Documents/INSTALLS/lib
2018-07-21 21:34:35,981:INFO:run-000:heatAnalysis start pid=15231 pgid=15231 args=['/usr/local/bin/mpiexec', '-n', '1', '/Users/Swati/Documents/Projects/Dynamic_workflow/heat2d/cpp/heatAnalysis', 'sim.bp', 'heat_res.bp', '1', '1']
2018-07-21 21:34:40,979:DEBUG:run-000:heatSimulation LD_LIBRARY_PATH=/Users/Swati/Documents/INSTALLS/lib
2018-07-21 21:34:40,983:INFO:run-000:heatSimulation start pid=15235 pgid=15235 args=['/usr/local/bin/mpiexec', '-n', '2', '/Users/Swati/Documents/Projects/Dynamic_workflow/heat2d/cpp/heatSimulation', 'sim.bp', '2', '1', '40', '50', '100000', '100000']
2018-07-21 21:34:50,343:WARNING:killing  and adding a new task...

2018-07-21 21:37:43,955:DEBUG:starting pipeline run-000, free nodes 4 -> 1
2018-07-21 21:37:43,956:DEBUG:run-000:heatAnalysis LD_LIBRARY_PATH=/Users/Swati/Documents/INSTALLS/lib
2018-07-21 21:37:43,962:INFO:run-000:heatAnalysis start pid=15266 pgid=15266 args=['/usr/local/bin/mpiexec', '-n', '1', '/Users/Swati/Documents/Projects/Dynamic_workflow/heat2d/cpp/heatAnalysis', 'sim.bp', 'heat_res.bp', '1', '1']
2018-07-21 21:37:48,962:DEBUG:run-000:heatSimulation LD_LIBRARY_PATH=/Users/Swati/Documents/INSTALLS/lib
2018-07-21 21:37:48,970:INFO:run-000:heatSimulation start pid=15268 pgid=15268 args=['/usr/local/bin/mpiexec', '-n', '2', '/Users/Swati/Documents/Projects/Dynamic_workflow/heat2d/cpp/heatSimulation', 'sim.bp', '2', '1', '40', '50', '100000', '100000']
2018-07-21 21:38:02,394:WARNING:killing  and adding a new task...

2018-07-21 21:38:02,394:WARNING:run-000:heatAnalysis kill requested
2018-07-21 21:38:02,396:DEBUG:run-000:heatAnalysis _term_kill
2018-07-21 21:38:03,456:DEBUG:run-000:heatAnalysis _pgroup_wait max delay 120
2018-07-21 21:38:03,456:INFO:run-000:heatAnalysis done 15266 1
2018-07-21 21:38:03,458:DEBUG:run-000:heatAnalysis _run_basic_callbacks
2018-07-21 21:38:03,458:WARNING:run-000 run heatAnalysis was killed intentionally
2018-07-21 21:38:32,401:DEBUG:run-000:heatAnalysis LD_LIBRARY_PATH=/Users/Swati/Documents/INSTALLS/lib
2018-07-21 21:38:32,413:INFO:run-000:heatAnalysis start pid=15272 pgid=15272 args=['/usr/local/bin/mpiexec', '-n', '2', '/Users/Swati/Documents/Projects/Dynamic_workflow/heat2d/cpp/heatAnalysis', 'sim.bp', 'heat_res.bp', '2', '1']
2018-07-21 21:40:21,878:DEBUG:run-000:heatSimulation _pgroup_wait max delay 120
2018-07-21 21:40:21,878:INFO:run-000:heatSimulation done 15268 137
2018-07-21 21:40:21,879:DEBUG:run-000:heatSimulation _run_callbacks
2018-07-21 21:40:21,879:WARNING:run-000 run heatSimulation was not killed intentionally
2018-07-21 21:40:21,879:DEBUG:finished run, free nodes 1 -> 3
2018-07-21 21:40:28,295:DEBUG:run-000:heatAnalysis _pgroup_wait max delay 120
2018-07-21 21:40:28,295:INFO:run-000:heatAnalysis done 15272 -9
2018-07-21 21:40:28,297:DEBUG:run-000:heatAnalysis _run_callbacks
2018-07-21 21:40:28,297:WARNING:run-000 run heatAnalysis was not killed intentionally
2018-07-21 21:40:28,297:DEBUG:run-000 _execute_done_callbacks
2018-07-21 21:40:28,299:DEBUG:finished run, free nodes 3 -> 4
2018-07-21 21:40:57,176:DEBUG:starting pipeline run-000, free nodes 4 -> 1
2018-07-21 21:40:57,178:DEBUG:run-000:heatAnalysis LD_LIBRARY_PATH=/Users/Swati/Documents/INSTALLS/lib
2018-07-21 21:40:57,184:INFO:run-000:heatAnalysis start pid=15299 pgid=15299 args=['/usr/local/bin/mpiexec', '-n', '1', '/Users/Swati/Documents/Projects/Dynamic_workflow/heat2d/cpp/heatAnalysis', 'sim.bp', 'heat_res.bp', '1', '1']
2018-07-21 21:41:02,180:DEBUG:run-000:heatSimulation LD_LIBRARY_PATH=/Users/Swati/Documents/INSTALLS/lib
2018-07-21 21:41:02,186:INFO:run-000:heatSimulation start pid=15301 pgid=15301 args=['/usr/local/bin/mpiexec', '-n', '2', '/Users/Swati/Documents/Projects/Dynamic_workflow/heat2d/cpp/heatSimulation', 'sim.bp', '2', '1', '40', '50', '100000', '100000']
2018-07-21 21:41:22,193:WARNING:killing  and adding a new task...

2018-07-21 21:41:22,194:WARNING:run-000:heatAnalysis kill requested
2018-07-21 21:41:22,196:DEBUG:run-000:heatAnalysis _term_kill
2018-07-21 21:41:23,856:DEBUG:run-000:heatAnalysis _pgroup_wait max delay 120
2018-07-21 21:41:23,856:INFO:run-000:heatAnalysis done 15299 1
2018-07-21 21:41:23,857:DEBUG:run-000:heatAnalysis _run_basic_callbacks
2018-07-21 21:41:23,857:WARNING:run-000 run heatAnalysis was killed intentionally
2018-07-21 21:41:52,208:DEBUG:run-000:heatAnalysis LD_LIBRARY_PATH=/Users/Swati/Documents/INSTALLS/lib
2018-07-21 21:41:52,219:INFO:run-000:heatAnalysis start pid=15304 pgid=15304 args=['/usr/local/bin/mpiexec', '-n', '2', '/Users/Swati/Documents/Projects/Dynamic_workflow/heat2d/cpp/heatAnalysis', 'sim.bp', 'heat_res.bp', '2', '1']
2018-07-21 21:42:11,884:WARNING:killing  and adding a new task...

2018-07-21 21:42:11,885:WARNING:run-000:heatAnalysis kill requested
2018-07-21 21:42:11,885:DEBUG:run-000:heatAnalysis _term_kill
2018-07-21 21:42:12,972:DEBUG:run-000:heatAnalysis _pgroup_wait max delay 120
2018-07-21 21:42:12,972:INFO:run-000:heatAnalysis done 15304 1
2018-07-21 21:42:12,973:DEBUG:run-000:heatAnalysis _run_basic_callbacks
2018-07-21 21:42:41,890:DEBUG:run-000:heatAnalysis LD_LIBRARY_PATH=/Users/Swati/Documents/INSTALLS/lib
2018-07-21 21:42:41,905:INFO:run-000:heatAnalysis start pid=15308 pgid=15308 args=['/usr/local/bin/mpiexec', '-n', '3', '/Users/Swati/Documents/Projects/Dynamic_workflow/heat2d/cpp/heatAnalysis', 'sim.bp', 'heat_res.bp', '1', '1']
2018-07-21 21:42:42,030:DEBUG:run-000:heatAnalysis _pgroup_wait max delay 120
2018-07-21 21:42:42,030:INFO:run-000:heatAnalysis done 15308 1
2018-07-21 21:42:42,031:DEBUG:run-000:heatAnalysis _run_callbacks
2018-07-21 21:42:42,031:WARNING:run-000 run heatAnalysis was not killed intentionally
2018-07-21 21:42:42,031:DEBUG:finished run, free nodes 1 -> 2
2018-07-21 21:50:26,946:DEBUG:starting pipeline run-000, free nodes 4 -> 1
2018-07-21 21:50:26,948:DEBUG:run-000:heatAnalysis LD_LIBRARY_PATH=/Users/Swati/Documents/INSTALLS/lib
2018-07-21 21:50:26,953:INFO:run-000:heatAnalysis start pid=15336 pgid=15336 args=['/usr/local/bin/mpiexec', '-n', '1', '/Users/Swati/Documents/Projects/Dynamic_workflow/heat2d/cpp/heatAnalysis', 'sim.bp', 'heat_res.bp', '1', '1']
2018-07-21 21:50:31,953:DEBUG:run-000:heatSimulation LD_LIBRARY_PATH=/Users/Swati/Documents/INSTALLS/lib
2018-07-21 21:50:31,961:INFO:run-000:heatSimulation start pid=15338 pgid=15338 args=['/usr/local/bin/mpiexec', '-n', '2', '/Users/Swati/Documents/Projects/Dynamic_workflow/heat2d/cpp/heatSimulation', 'sim.bp', '2', '1', '40', '50', '100000', '100000']
2018-07-21 21:50:46,029:WARNING:killing  and adding a new task...

2018-07-21 21:50:46,030:WARNING:run-000:heatAnalysis kill requested
2018-07-21 21:50:46,030:DEBUG:run-000:heatAnalysis _term_kill
2018-07-21 21:50:47,125:DEBUG:run-000:heatAnalysis _pgroup_wait max delay 120
2018-07-21 21:50:47,125:INFO:run-000:heatAnalysis done 15336 1
2018-07-21 21:50:47,126:DEBUG:run-000:heatAnalysis _run_basic_callbacks
2018-07-21 21:50:47,126:WARNING:run-000 run heatAnalysis was killed intentionally
2018-07-21 21:51:16,034:DEBUG:run-000:heatAnalysis LD_LIBRARY_PATH=/Users/Swati/Documents/INSTALLS/lib
2018-07-21 21:51:16,042:INFO:run-000:heatAnalysis start pid=15345 pgid=15345 args=['/usr/local/bin/mpiexec', '-n', '0', '/Users/Swati/Documents/Projects/Dynamic_workflow/heat2d/cpp/heatAnalysis', 'sim.bp', 'heat_res.bp', '2', '1']
2018-07-21 21:53:09,764:DEBUG:run-000:heatSimulation _pgroup_wait max delay 120
2018-07-21 21:53:09,764:INFO:run-000:heatSimulation done 15338 -9
2018-07-21 21:53:09,765:DEBUG:run-000:heatSimulation _run_callbacks
2018-07-21 21:53:09,765:WARNING:run-000 run heatSimulation was not killed intentionally
2018-07-21 21:53:09,765:DEBUG:finished run, free nodes 1 -> 3
2018-07-21 21:53:21,284:DEBUG:run-000:heatAnalysis _pgroup_wait max delay 120
2018-07-21 21:53:21,284:INFO:run-000:heatAnalysis done 15345 -9
2018-07-21 21:53:21,285:DEBUG:run-000:heatAnalysis _run_callbacks
2018-07-21 21:53:21,286:WARNING:run-000 run heatAnalysis was not killed intentionally
2018-07-21 21:53:21,286:DEBUG:run-000 _execute_done_callbacks
2018-07-21 21:53:21,288:DEBUG:finished run, free nodes 3 -> 3
2018-07-21 21:53:49,187:DEBUG:starting pipeline run-000, free nodes 4 -> 1
2018-07-21 21:53:49,190:DEBUG:run-000:heatAnalysis LD_LIBRARY_PATH=/Users/Swati/Documents/INSTALLS/lib
2018-07-21 21:53:49,195:INFO:run-000:heatAnalysis start pid=15367 pgid=15367 args=['/usr/local/bin/mpiexec', '-n', '1', '/Users/Swati/Documents/Projects/Dynamic_workflow/heat2d/cpp/heatAnalysis', 'sim.bp', 'heat_res.bp', '1', '1']
2018-07-21 21:53:54,193:DEBUG:run-000:heatSimulation LD_LIBRARY_PATH=/Users/Swati/Documents/INSTALLS/lib
2018-07-21 21:53:54,198:INFO:run-000:heatSimulation start pid=15369 pgid=15369 args=['/usr/local/bin/mpiexec', '-n', '2', '/Users/Swati/Documents/Projects/Dynamic_workflow/heat2d/cpp/heatSimulation', 'sim.bp', '2', '1', '40', '50', '100000', '100000']
2018-07-21 21:54:01,268:WARNING:killing  and adding a new task...

2018-07-21 21:54:01,269:WARNING:run-000:heatAnalysis kill requested
2018-07-21 21:54:01,271:DEBUG:run-000:heatAnalysis _term_kill
2018-07-21 21:54:02,919:DEBUG:run-000:heatAnalysis _pgroup_wait max delay 120
2018-07-21 21:54:02,919:INFO:run-000:heatAnalysis done 15367 1
2018-07-21 21:54:02,920:DEBUG:run-000:heatAnalysis _run_basic_callbacks
2018-07-21 21:54:02,920:WARNING:run-000 run heatAnalysis was killed intentionally
2018-07-21 21:54:31,282:DEBUG:run-000:heatAnalysis LD_LIBRARY_PATH=/Users/Swati/Documents/INSTALLS/lib
2018-07-21 21:54:31,292:INFO:run-000:heatAnalysis start pid=15372 pgid=15372 args=['/usr/local/bin/mpiexec', '-n', '0', '/Users/Swati/Documents/Projects/Dynamic_workflow/heat2d/cpp/heatAnalysis', 'sim.bp', 'heat_res.bp', '2', '1']
2018-07-21 21:55:36,023:DEBUG:run-000:heatSimulation _pgroup_wait max delay 120
2018-07-21 21:55:36,024:INFO:run-000:heatSimulation done 15369 -9
2018-07-21 21:55:36,025:DEBUG:run-000:heatSimulation _run_callbacks
2018-07-21 21:55:36,026:DEBUG:finished run, free nodes 1 -> 3
2018-07-21 21:55:36,026:WARNING:run-000 run heatSimulation was not killed intentionally
2018-07-21 21:55:44,380:DEBUG:run-000:heatAnalysis _pgroup_wait max delay 120
2018-07-21 21:55:44,380:INFO:run-000:heatAnalysis done 15372 -9
2018-07-21 21:55:44,383:DEBUG:run-000:heatAnalysis _run_callbacks
2018-07-21 21:55:44,383:DEBUG:finished run, free nodes 3 -> 3
2018-07-21 21:55:44,383:WARNING:run-000 run heatAnalysis was not killed intentionally
2018-07-21 21:55:44,383:DEBUG:run-000 _execute_done_callbacks
2018-07-21 21:55:59,243:DEBUG:starting pipeline run-000, free nodes 4 -> 1
2018-07-21 21:55:59,245:DEBUG:run-000:heatAnalysis LD_LIBRARY_PATH=/Users/Swati/Documents/INSTALLS/lib
2018-07-21 21:55:59,251:INFO:run-000:heatAnalysis start pid=15396 pgid=15396 args=['/usr/local/bin/mpiexec', '-n', '1', '/Users/Swati/Documents/Projects/Dynamic_workflow/heat2d/cpp/heatAnalysis', 'sim.bp', 'heat_res.bp', '1', '1']
2018-07-21 21:56:04,247:DEBUG:run-000:heatSimulation LD_LIBRARY_PATH=/Users/Swati/Documents/INSTALLS/lib
2018-07-21 21:56:04,253:INFO:run-000:heatSimulation start pid=15398 pgid=15398 args=['/usr/local/bin/mpiexec', '-n', '2', '/Users/Swati/Documents/Projects/Dynamic_workflow/heat2d/cpp/heatSimulation', 'sim.bp', '2', '1', '40', '50', '100000', '100000']
2018-07-21 21:56:16,262:WARNING:killing  and adding a new task...

2018-07-21 21:56:16,262:WARNING:run-000:heatAnalysis kill requested
2018-07-21 21:56:16,264:DEBUG:run-000:heatAnalysis _term_kill
2018-07-21 21:56:17,320:DEBUG:run-000:heatAnalysis _pgroup_wait max delay 120
2018-07-21 21:56:17,320:INFO:run-000:heatAnalysis done 15396 1
2018-07-21 21:56:17,321:DEBUG:run-000:heatAnalysis _run_basic_callbacks
2018-07-21 21:56:17,321:WARNING:run-000 run heatAnalysis was killed intentionally
2018-07-21 21:56:46,268:DEBUG:run-000:heatAnalysis LD_LIBRARY_PATH=/Users/Swati/Documents/INSTALLS/lib
2018-07-21 21:56:46,276:INFO:run-000:heatAnalysis start pid=15401 pgid=15401 args=['/usr/local/bin/mpiexec', '-n', '2', '/Users/Swati/Documents/Projects/Dynamic_workflow/heat2d/cpp/heatAnalysis', 'sim.bp', 'heat_res.bp', '2', '1']
2018-07-21 21:57:05,761:WARNING:killing  and adding a new task...

2018-07-21 21:57:05,761:WARNING:run-000:heatAnalysis kill requested
2018-07-21 21:57:05,763:DEBUG:run-000:heatAnalysis _term_kill
2018-07-21 21:57:06,835:DEBUG:run-000:heatAnalysis _pgroup_wait max delay 120
2018-07-21 21:57:06,835:INFO:run-000:heatAnalysis done 15401 1
2018-07-21 21:57:06,836:DEBUG:run-000:heatAnalysis _run_basic_callbacks
2018-07-21 21:57:35,766:DEBUG:run-000:heatAnalysis LD_LIBRARY_PATH=/Users/Swati/Documents/INSTALLS/lib
2018-07-21 21:57:35,774:INFO:run-000:heatAnalysis start pid=15404 pgid=15404 args=['/usr/local/bin/mpiexec', '-n', '1', '/Users/Swati/Documents/Projects/Dynamic_workflow/heat2d/cpp/heatAnalysis', 'sim.bp', 'heat_res.bp', '1', '1']
2018-07-21 21:59:41,211:WARNING:killing  and adding a new task...

2018-07-21 21:59:41,212:WARNING:run-000:heatAnalysis kill requested
2018-07-21 21:59:41,213:DEBUG:run-000:heatAnalysis _term_kill
2018-07-21 21:59:42,891:DEBUG:run-000:heatAnalysis _pgroup_wait max delay 120
2018-07-21 21:59:42,891:INFO:run-000:heatAnalysis done 15404 1
2018-07-21 21:59:42,892:DEBUG:run-000:heatAnalysis _run_basic_callbacks
2018-07-21 22:00:11,222:DEBUG:run-000:heatAnalysis LD_LIBRARY_PATH=/Users/Swati/Documents/INSTALLS/lib
2018-07-21 22:00:11,233:INFO:run-000:heatAnalysis start pid=15412 pgid=15412 args=['/usr/local/bin/mpiexec', '-n', '0', '/Users/Swati/Documents/Projects/Dynamic_workflow/heat2d/cpp/heatAnalysis', 'sim.bp', 'heat_res.bp', '1', '1']
2018-07-21 22:00:11,461:DEBUG:run-000:heatAnalysis _pgroup_wait max delay 120
2018-07-21 22:00:11,462:INFO:run-000:heatAnalysis done 15412 0
2018-07-21 22:00:11,463:DEBUG:run-000:heatAnalysis _run_callbacks
2018-07-21 22:00:11,463:WARNING:run-000 run heatAnalysis was not killed intentionally
2018-07-21 22:00:11,463:DEBUG:finished run, free nodes 1 -> 1
2018-07-21 22:03:20,963:DEBUG:starting pipeline run-000, free nodes 4 -> 1
2018-07-21 22:03:20,965:DEBUG:run-000:heatAnalysis LD_LIBRARY_PATH=/Users/Swati/Documents/INSTALLS/lib
2018-07-21 22:03:20,971:INFO:run-000:heatAnalysis start pid=15431 pgid=15431 args=['/usr/local/bin/mpiexec', '-n', '1', '/Users/Swati/Documents/Projects/Dynamic_workflow/heat2d/cpp/heatAnalysis', 'sim.bp', 'heat_res.bp', '1', '1']
2018-07-21 22:03:25,967:DEBUG:run-000:heatSimulation LD_LIBRARY_PATH=/Users/Swati/Documents/INSTALLS/lib
2018-07-21 22:03:25,973:INFO:run-000:heatSimulation start pid=15433 pgid=15433 args=['/usr/local/bin/mpiexec', '-n', '2', '/Users/Swati/Documents/Projects/Dynamic_workflow/heat2d/cpp/heatSimulation', 'sim.bp', '2', '1', '40', '50', '100000', '100000']
2018-07-21 22:03:34,318:WARNING:killing  and adding a new task...

2018-07-21 22:03:34,319:WARNING:run-000:heatAnalysis kill requested
2018-07-21 22:03:34,321:DEBUG:run-000:heatAnalysis _term_kill
2018-07-21 22:03:35,406:DEBUG:run-000:heatAnalysis _pgroup_wait max delay 120
2018-07-21 22:03:35,406:INFO:run-000:heatAnalysis done 15431 1
2018-07-21 22:03:35,407:DEBUG:run-000:heatAnalysis _run_basic_callbacks
2018-07-21 22:03:35,407:WARNING:run-000 run heatAnalysis was killed intentionally
2018-07-21 22:04:04,332:DEBUG:run-000:heatAnalysis LD_LIBRARY_PATH=/Users/Swati/Documents/INSTALLS/lib
2018-07-21 22:04:04,343:INFO:run-000:heatAnalysis start pid=15436 pgid=15436 args=['/usr/local/bin/mpiexec', '-n', '2', '/Users/Swati/Documents/Projects/Dynamic_workflow/heat2d/cpp/heatAnalysis', 'sim.bp', 'heat_res.bp', '2', '1']
2018-07-21 22:04:24,018:WARNING:killing  and adding a new task...

2018-07-21 22:04:24,019:WARNING:run-000:heatAnalysis kill requested
2018-07-21 22:04:24,020:DEBUG:run-000:heatAnalysis _term_kill
2018-07-21 22:04:25,080:DEBUG:run-000:heatAnalysis _pgroup_wait max delay 120
2018-07-21 22:04:25,080:INFO:run-000:heatAnalysis done 15436 1
2018-07-21 22:04:25,081:DEBUG:run-000:heatAnalysis _run_basic_callbacks
2018-07-21 22:04:54,025:DEBUG:run-000:heatAnalysis LD_LIBRARY_PATH=/Users/Swati/Documents/INSTALLS/lib
2018-07-21 22:04:54,034:INFO:run-000:heatAnalysis start pid=15442 pgid=15442 args=['/usr/local/bin/mpiexec', '-n', '1', '/Users/Swati/Documents/Projects/Dynamic_workflow/heat2d/cpp/heatAnalysis', 'sim.bp', 'heat_res.bp', '1', '1']
2018-07-21 22:15:19,041:DEBUG:starting pipeline run-000, free nodes 4 -> 1
2018-07-21 22:15:19,043:DEBUG:run-000:heatAnalysis LD_LIBRARY_PATH=/Users/Swati/Documents/INSTALLS/lib
2018-07-21 22:15:19,049:INFO:run-000:heatAnalysis start pid=15483 pgid=15483 args=['/usr/local/bin/mpiexec', '-n', '1', '/Users/Swati/Documents/Projects/Dynamic_workflow/heat2d/cpp/heatAnalysis', 'sim.bp', 'heat_res.bp', '1', '1']
2018-07-21 22:15:24,048:DEBUG:run-000:heatSimulation LD_LIBRARY_PATH=/Users/Swati/Documents/INSTALLS/lib
2018-07-21 22:15:24,056:INFO:run-000:heatSimulation start pid=15485 pgid=15485 args=['/usr/local/bin/mpiexec', '-n', '2', '/Users/Swati/Documents/Projects/Dynamic_workflow/heat2d/cpp/heatSimulation', 'sim.bp', '2', '1', '40', '50', '100000', '100000']
2018-07-21 22:15:35,889:WARNING:killing  and adding a new task...

2018-07-21 22:15:35,890:WARNING:run-000:heatAnalysis kill requested
2018-07-21 22:15:35,891:DEBUG:run-000:heatAnalysis _term_kill
2018-07-21 22:15:36,939:DEBUG:run-000:heatAnalysis _pgroup_wait max delay 120
2018-07-21 22:15:36,939:INFO:run-000:heatAnalysis done 15483 1
2018-07-21 22:15:36,940:DEBUG:run-000:heatAnalysis _run_basic_callbacks
2018-07-21 22:15:36,940:WARNING:run-000 run heatAnalysis was killed intentionally
2018-07-21 22:16:05,903:DEBUG:run-000:heatAnalysis LD_LIBRARY_PATH=/Users/Swati/Documents/INSTALLS/lib
2018-07-21 22:16:05,915:INFO:run-000:heatAnalysis start pid=15489 pgid=15489 args=['/usr/local/bin/mpiexec', '-n', '2', '/Users/Swati/Documents/Projects/Dynamic_workflow/heat2d/cpp/heatAnalysis', 'sim.bp', 'heat_res.bp', '2', '1']
2018-07-21 22:16:18,155:WARNING:killing  and adding a new task...

2018-07-21 22:16:18,157:WARNING:run-000:heatAnalysis kill requested
2018-07-21 22:16:18,158:DEBUG:run-000:heatAnalysis _term_kill
2018-07-21 22:16:19,209:DEBUG:run-000:heatAnalysis _pgroup_wait max delay 120
2018-07-21 22:16:19,209:INFO:run-000:heatAnalysis done 15489 1
2018-07-21 22:16:19,210:DEBUG:run-000:heatAnalysis _run_basic_callbacks
2018-07-21 22:16:19,210:WARNING:run-000 run heatAnalysis was killed intentionally
2018-07-21 22:16:48,166:DEBUG:run-000:heatAnalysis LD_LIBRARY_PATH=/Users/Swati/Documents/INSTALLS/lib
2018-07-21 22:16:48,173:INFO:run-000:heatAnalysis start pid=15492 pgid=15492 args=['/usr/local/bin/mpiexec', '-n', '1', '/Users/Swati/Documents/Projects/Dynamic_workflow/heat2d/cpp/heatAnalysis', 'sim.bp', 'heat_res.bp', '1', '1']
2018-07-21 22:22:52,723:WARNING:killing  and adding a new task...

2018-07-21 22:23:31,410:WARNING:killing  and adding a new task...

2018-07-21 22:23:47,459:WARNING:killing  and adding a new task...

2018-07-21 22:25:20,286:WARNING:killing  and adding a new task...

2018-07-21 22:25:24,078:WARNING:run-000:heatSimulation killing (timeout 600)
2018-07-21 22:25:24,079:DEBUG:run-000:heatSimulation _term_kill
2018-07-21 22:25:54,081:ERROR:exception in Run thread
Traceback (most recent call last):
  File "/Users/Swati/Documents/Projects/Dynamic_workflow/cheetah/codar/workflow/model.py", line 221, in _run
    self._p.wait(self.timeout)
  File "/usr/local/Cellar/python/3.7.0/Frameworks/Python.framework/Versions/3.7/lib/python3.7/subprocess.py", line 971, in wait
    return self._wait(timeout=timeout)
  File "/usr/local/Cellar/python/3.7.0/Frameworks/Python.framework/Versions/3.7/lib/python3.7/subprocess.py", line 1593, in _wait
    raise TimeoutExpired(self.args, timeout)
subprocess.TimeoutExpired: Command '['/usr/local/bin/mpiexec', '-n', '2', '/Users/Swati/Documents/Projects/Dynamic_workflow/heat2d/cpp/heatSimulation', 'sim.bp', '2', '1', '40', '50', '100000', '100000']' timed out after 600 seconds

During handling of the above exception, another exception occurred:

Traceback (most recent call last):
  File "/Users/Swati/Documents/Projects/Dynamic_workflow/cheetah/codar/workflow/model.py", line 154, in run
    self._run()
  File "/Users/Swati/Documents/Projects/Dynamic_workflow/cheetah/codar/workflow/model.py", line 228, in _run
    self._term_kill()
  File "/Users/Swati/Documents/Projects/Dynamic_workflow/cheetah/codar/workflow/model.py", line 293, in _term_kill
    os.killpg(self._pgid, signal.SIGKILL)
PermissionError: [Errno 1] Operation not permitted
2018-07-21 22:25:54,083:DEBUG:run-000:heatSimulation _run_callbacks
2018-07-21 22:25:54,083:DEBUG:finished run, free nodes 1 -> 3
2018-07-21 22:25:54,083:WARNING:run-000 run heatSimulation was killed intentionally
2018-07-21 22:26:48,197:WARNING:run-000:heatAnalysis killing (timeout 600)
2018-07-21 22:26:48,197:DEBUG:run-000:heatAnalysis _term_kill
2018-07-21 22:27:18,202:ERROR:exception in Run thread
Traceback (most recent call last):
  File "/Users/Swati/Documents/Projects/Dynamic_workflow/cheetah/codar/workflow/model.py", line 221, in _run
    self._p.wait(self.timeout)
  File "/usr/local/Cellar/python/3.7.0/Frameworks/Python.framework/Versions/3.7/lib/python3.7/subprocess.py", line 971, in wait
    return self._wait(timeout=timeout)
  File "/usr/local/Cellar/python/3.7.0/Frameworks/Python.framework/Versions/3.7/lib/python3.7/subprocess.py", line 1593, in _wait
    raise TimeoutExpired(self.args, timeout)
subprocess.TimeoutExpired: Command '['/usr/local/bin/mpiexec', '-n', '1', '/Users/Swati/Documents/Projects/Dynamic_workflow/heat2d/cpp/heatAnalysis', 'sim.bp', 'heat_res.bp', '1', '1']' timed out after 600 seconds

During handling of the above exception, another exception occurred:

Traceback (most recent call last):
  File "/Users/Swati/Documents/Projects/Dynamic_workflow/cheetah/codar/workflow/model.py", line 154, in run
    self._run()
  File "/Users/Swati/Documents/Projects/Dynamic_workflow/cheetah/codar/workflow/model.py", line 228, in _run
    self._term_kill()
  File "/Users/Swati/Documents/Projects/Dynamic_workflow/cheetah/codar/workflow/model.py", line 293, in _term_kill
    os.killpg(self._pgid, signal.SIGKILL)
PermissionError: [Errno 1] Operation not permitted
2018-07-21 22:27:18,203:DEBUG:run-000:heatAnalysis _run_callbacks
2018-07-21 22:27:18,204:DEBUG:finished run, free nodes 3 -> 4
2018-07-21 22:27:18,204:WARNING:run-000 run heatAnalysis was not killed intentionally
2018-07-21 22:27:18,204:DEBUG:run-000 _execute_done_callbacks
2018-07-21 22:30:40,109:DEBUG:starting pipeline run-000, free nodes 4 -> 1
2018-07-21 22:30:40,110:DEBUG:run-000:heatAnalysis LD_LIBRARY_PATH=/Users/Swati/Documents/INSTALLS/lib
2018-07-21 22:30:40,116:INFO:run-000:heatAnalysis start pid=15559 pgid=15559 args=['/usr/local/bin/mpiexec', '-n', '1', '/Users/Swati/Documents/Projects/Dynamic_workflow/heat2d/cpp/heatAnalysis', 'sim.bp', 'heat_res.bp', '1', '1']
2018-07-21 22:30:45,115:DEBUG:run-000:heatSimulation LD_LIBRARY_PATH=/Users/Swati/Documents/INSTALLS/lib
2018-07-21 22:30:45,125:INFO:run-000:heatSimulation start pid=15563 pgid=15563 args=['/usr/local/bin/mpiexec', '-n', '2', '/Users/Swati/Documents/Projects/Dynamic_workflow/heat2d/cpp/heatSimulation', 'sim.bp', '2', '1', '40', '50', '100000', '100000']
2018-07-21 22:31:45,523:WARNING:killing  and adding a new task...

2018-07-21 22:31:45,524:WARNING:run-000:heatSimulation kill requested
2018-07-21 22:31:45,524:DEBUG:run-000:heatSimulation _term_kill
2018-07-21 22:31:46,621:DEBUG:run-000:heatSimulation _pgroup_wait max delay 120
2018-07-21 22:31:46,621:INFO:run-000:heatSimulation done 15563 1
2018-07-21 22:31:46,622:DEBUG:run-000:heatSimulation _run_basic_callbacks
2018-07-21 22:31:46,622:WARNING:run-000 run heatSimulation was killed intentionally
2018-07-21 22:32:15,529:DEBUG:run-000:heatSimulation LD_LIBRARY_PATH=/Users/Swati/Documents/INSTALLS/lib
2018-07-21 22:32:15,540:INFO:run-000:heatSimulation start pid=15571 pgid=15571 args=['/usr/local/bin/mpiexec', '-n', '3', '/Users/Swati/Documents/Projects/Dynamic_workflow/heat2d/cpp/heatSimulation', 'sim.bp', '3', '1', '40', '50', '100000', '100000']
2018-07-21 22:32:15,611:DEBUG:run-000:heatSimulation _pgroup_wait max delay 120
2018-07-21 22:32:15,612:INFO:run-000:heatSimulation done 15571 1
2018-07-21 22:32:15,613:DEBUG:run-000:heatSimulation _run_callbacks
2018-07-21 22:32:15,613:WARNING:run-000 run heatSimulation was not killed intentionally
2018-07-21 22:32:15,613:DEBUG:finished run, free nodes 1 -> 2
2018-07-21 22:33:51,185:WARNING:killing  and adding a new task...

2018-07-21 22:33:51,187:WARNING:run-000:heatAnalysis kill requested
2018-07-21 22:33:51,187:DEBUG:run-000:heatAnalysis _term_kill
2018-07-21 22:33:52,248:DEBUG:run-000:heatAnalysis _pgroup_wait max delay 120
2018-07-21 22:33:52,248:INFO:run-000:heatAnalysis done 15559 1
2018-07-21 22:33:52,250:DEBUG:run-000:heatAnalysis _run_basic_callbacks
2018-07-21 22:33:52,250:WARNING:run-000 run heatAnalysis was killed intentionally
2018-07-21 22:33:52,250:DEBUG:run-000 _execute_done_callbacks
2018-07-21 22:33:52,252:ERROR:exception in Run thread
Traceback (most recent call last):
  File "/Users/Swati/Documents/Projects/Dynamic_workflow/cheetah/codar/workflow/model.py", line 154, in run
    self._run()
  File "/Users/Swati/Documents/Projects/Dynamic_workflow/cheetah/codar/workflow/model.py", line 247, in _run
    self._run_basic_callbacks()
  File "/Users/Swati/Documents/Projects/Dynamic_workflow/cheetah/codar/workflow/model.py", line 258, in _run_basic_callbacks
    callback(self)
  File "/Users/Swati/Documents/Projects/Dynamic_workflow/cheetah/codar/workflow/model.py", line 555, in run_finished
    self._execute_done_callbacks()
  File "/Users/Swati/Documents/Projects/Dynamic_workflow/cheetah/codar/workflow/model.py", line 614, in _execute_done_callbacks
    cb(self)
  File "/Users/Swati/Documents/Projects/Dynamic_workflow/cheetah/codar/workflow/consumer.py", line 179, in pipeline_finished
    self._status.set_state(pipeline.get_state())
  File "/Users/Swati/Documents/Projects/Dynamic_workflow/cheetah/codar/workflow/model.py", line 674, in get_state
    elif any(r.timed_out for r in self.runs):
  File "/Users/Swati/Documents/Projects/Dynamic_workflow/cheetah/codar/workflow/model.py", line 674, in <genexpr>
    elif any(r.timed_out for r in self.runs):
  File "/Users/Swati/Documents/Projects/Dynamic_workflow/cheetah/codar/workflow/model.py", line 110, in timed_out
    raise ValueError("timed out state not available until run is done")
ValueError: timed out state not available until run is done
2018-07-21 22:33:52,253:DEBUG:run-000:heatAnalysis _run_callbacks
2018-07-21 22:33:52,253:WARNING:run-000 run heatAnalysis was not killed intentionally
2018-07-21 22:33:52,253:ERROR:exception in Run callbacks after Run thread exception
Traceback (most recent call last):
  File "/Users/Swati/Documents/Projects/Dynamic_workflow/cheetah/codar/workflow/model.py", line 154, in run
    self._run()
  File "/Users/Swati/Documents/Projects/Dynamic_workflow/cheetah/codar/workflow/model.py", line 247, in _run
    self._run_basic_callbacks()
  File "/Users/Swati/Documents/Projects/Dynamic_workflow/cheetah/codar/workflow/model.py", line 258, in _run_basic_callbacks
    callback(self)
  File "/Users/Swati/Documents/Projects/Dynamic_workflow/cheetah/codar/workflow/model.py", line 555, in run_finished
    self._execute_done_callbacks()
  File "/Users/Swati/Documents/Projects/Dynamic_workflow/cheetah/codar/workflow/model.py", line 614, in _execute_done_callbacks
    cb(self)
  File "/Users/Swati/Documents/Projects/Dynamic_workflow/cheetah/codar/workflow/consumer.py", line 179, in pipeline_finished
    self._status.set_state(pipeline.get_state())
  File "/Users/Swati/Documents/Projects/Dynamic_workflow/cheetah/codar/workflow/model.py", line 674, in get_state
    elif any(r.timed_out for r in self.runs):
  File "/Users/Swati/Documents/Projects/Dynamic_workflow/cheetah/codar/workflow/model.py", line 674, in <genexpr>
    elif any(r.timed_out for r in self.runs):
  File "/Users/Swati/Documents/Projects/Dynamic_workflow/cheetah/codar/workflow/model.py", line 110, in timed_out
    raise ValueError("timed out state not available until run is done")
ValueError: timed out state not available until run is done

During handling of the above exception, another exception occurred:

Traceback (most recent call last):
  File "/Users/Swati/Documents/Projects/Dynamic_workflow/cheetah/codar/workflow/model.py", line 166, in run
    self._run_callbacks()
  File "/Users/Swati/Documents/Projects/Dynamic_workflow/cheetah/codar/workflow/model.py", line 253, in _run_callbacks
    callback(self)
  File "/Users/Swati/Documents/Projects/Dynamic_workflow/cheetah/codar/workflow/model.py", line 539, in run_finished
    self._active_runs.remove(run)
KeyError: <Run(heatAnalysis, started 123145537818624)>
2018-07-21 22:34:21,194:DEBUG:run-000:heatAnalysis LD_LIBRARY_PATH=/Users/Swati/Documents/INSTALLS/lib
2018-07-21 22:34:21,207:INFO:run-000:heatAnalysis start pid=15578 pgid=15578 args=['/usr/local/bin/mpiexec', '-n', '1', '/Users/Swati/Documents/Projects/Dynamic_workflow/heat2d/cpp/heatAnalysis', 'sim.bp', 'heat_res.bp', '1', '1']
2018-07-22 00:16:20,589:WARNING:run-000:heatAnalysis killing (timeout 600)
2018-07-22 00:16:20,591:DEBUG:run-000:heatAnalysis _term_kill
2018-07-22 00:16:50,593:ERROR:exception in Run thread
Traceback (most recent call last):
  File "/Users/Swati/Documents/Projects/Dynamic_workflow/cheetah/codar/workflow/model.py", line 221, in _run
    self._p.wait(self.timeout)
  File "/usr/local/Cellar/python/3.7.0/Frameworks/Python.framework/Versions/3.7/lib/python3.7/subprocess.py", line 971, in wait
    return self._wait(timeout=timeout)
  File "/usr/local/Cellar/python/3.7.0/Frameworks/Python.framework/Versions/3.7/lib/python3.7/subprocess.py", line 1593, in _wait
    raise TimeoutExpired(self.args, timeout)
subprocess.TimeoutExpired: Command '['/usr/local/bin/mpiexec', '-n', '1', '/Users/Swati/Documents/Projects/Dynamic_workflow/heat2d/cpp/heatAnalysis', 'sim.bp', 'heat_res.bp', '1', '1']' timed out after 600 seconds

During handling of the above exception, another exception occurred:

Traceback (most recent call last):
  File "/Users/Swati/Documents/Projects/Dynamic_workflow/cheetah/codar/workflow/model.py", line 154, in run
    self._run()
  File "/Users/Swati/Documents/Projects/Dynamic_workflow/cheetah/codar/workflow/model.py", line 228, in _run
    self._term_kill()
  File "/Users/Swati/Documents/Projects/Dynamic_workflow/cheetah/codar/workflow/model.py", line 293, in _term_kill
    os.killpg(self._pgid, signal.SIGKILL)
PermissionError: [Errno 1] Operation not permitted
2018-07-22 00:16:50,597:DEBUG:run-000:heatAnalysis _run_callbacks
2018-07-22 00:16:50,598:WARNING:run-000 run heatAnalysis was not killed intentionally
2018-07-22 00:16:50,598:DEBUG:run-000 _execute_done_callbacks
2018-07-22 00:16:50,600:ERROR:exception in Run callbacks after Run thread exception
Traceback (most recent call last):
  File "/Users/Swati/Documents/Projects/Dynamic_workflow/cheetah/codar/workflow/model.py", line 221, in _run
    self._p.wait(self.timeout)
  File "/usr/local/Cellar/python/3.7.0/Frameworks/Python.framework/Versions/3.7/lib/python3.7/subprocess.py", line 971, in wait
    return self._wait(timeout=timeout)
  File "/usr/local/Cellar/python/3.7.0/Frameworks/Python.framework/Versions/3.7/lib/python3.7/subprocess.py", line 1593, in _wait
    raise TimeoutExpired(self.args, timeout)
subprocess.TimeoutExpired: Command '['/usr/local/bin/mpiexec', '-n', '1', '/Users/Swati/Documents/Projects/Dynamic_workflow/heat2d/cpp/heatAnalysis', 'sim.bp', 'heat_res.bp', '1', '1']' timed out after 600 seconds

During handling of the above exception, another exception occurred:

Traceback (most recent call last):
  File "/Users/Swati/Documents/Projects/Dynamic_workflow/cheetah/codar/workflow/model.py", line 154, in run
    self._run()
  File "/Users/Swati/Documents/Projects/Dynamic_workflow/cheetah/codar/workflow/model.py", line 228, in _run
    self._term_kill()
  File "/Users/Swati/Documents/Projects/Dynamic_workflow/cheetah/codar/workflow/model.py", line 293, in _term_kill
    os.killpg(self._pgid, signal.SIGKILL)
PermissionError: [Errno 1] Operation not permitted

During handling of the above exception, another exception occurred:

Traceback (most recent call last):
  File "/Users/Swati/Documents/Projects/Dynamic_workflow/cheetah/codar/workflow/model.py", line 166, in run
    self._run_callbacks()
  File "/Users/Swati/Documents/Projects/Dynamic_workflow/cheetah/codar/workflow/model.py", line 253, in _run_callbacks
    callback(self)
  File "/Users/Swati/Documents/Projects/Dynamic_workflow/cheetah/codar/workflow/model.py", line 555, in run_finished
    self._execute_done_callbacks()
  File "/Users/Swati/Documents/Projects/Dynamic_workflow/cheetah/codar/workflow/model.py", line 614, in _execute_done_callbacks
    cb(self)
  File "/Users/Swati/Documents/Projects/Dynamic_workflow/cheetah/codar/workflow/consumer.py", line 177, in pipeline_finished
    self._running_pipelines.remove(pipeline)
KeyError: <codar.workflow.model.Pipeline object at 0x103ddfeb8>
2018-07-23 16:25:08,375:DEBUG:starting pipeline run-000, free nodes 4 -> 1
2018-07-23 16:25:08,377:DEBUG:run-000:heatAnalysis LD_LIBRARY_PATH=/Users/Swati/Documents/INSTALLS/lib
2018-07-23 16:25:08,384:INFO:run-000:heatAnalysis start pid=62955 pgid=62955 args=['/usr/local/bin/mpiexec', '-n', '1', '/Users/Swati/Documents/Projects/Dynamic_workflow/heat2d/cpp/heatAnalysis', 'sim.bp', 'heat_res.bp', '1', '1']
2018-07-23 16:25:10,523:DEBUG:run-000:heatAnalysis _pgroup_wait max delay 120
2018-07-23 16:25:10,524:INFO:run-000:heatAnalysis done 62955 134
2018-07-23 16:25:10,525:DEBUG:run-000:heatAnalysis _run_callbacks
2018-07-23 16:25:10,526:DEBUG:finished run, free nodes 1 -> 2
2018-07-23 16:25:10,526:WARNING:run-000 run heatAnalysis was not killed intentionally
2018-07-23 16:25:13,382:DEBUG:run-000:heatSimulation LD_LIBRARY_PATH=/Users/Swati/Documents/INSTALLS/lib
2018-07-23 16:25:13,387:INFO:run-000:heatSimulation start pid=62960 pgid=62960 args=['/usr/local/bin/mpiexec', '-n', '2', '/Users/Swati/Documents/Projects/Dynamic_workflow/heat2d/cpp/heatSimulation', 'sim.bp', '2', '1', '40', '50', '100000', '100000']
2018-07-23 16:25:14,457:DEBUG:run-000:heatSimulation _pgroup_wait max delay 120
2018-07-23 16:25:14,457:INFO:run-000:heatSimulation done 62960 134
2018-07-23 16:25:14,459:DEBUG:run-000:heatSimulation _run_callbacks
2018-07-23 16:25:14,459:DEBUG:finished run, free nodes 2 -> 4
2018-07-23 16:25:14,459:WARNING:run-000 run heatSimulation was not killed intentionally
2018-07-23 16:25:14,459:DEBUG:run-000 _execute_done_callbacks
2018-07-23 16:27:09,767:DEBUG:starting pipeline run-000, free nodes 4 -> 1
2018-07-23 16:27:09,769:DEBUG:run-000:heatAnalysis LD_LIBRARY_PATH=/Users/Swati/Documents/INSTALLS/lib
2018-07-23 16:27:09,775:INFO:run-000:heatAnalysis start pid=63010 pgid=63010 args=['/usr/local/bin/mpiexec', '-n', '1', '/Users/Swati/Documents/Projects/Dynamic_workflow/heat2d/cpp/heatAnalysis', 'sim.bp', 'heat_res.bp', '1', '1']
2018-07-23 16:27:11,853:DEBUG:run-000:heatAnalysis _pgroup_wait max delay 120
2018-07-23 16:27:11,854:INFO:run-000:heatAnalysis done 63010 134
2018-07-23 16:27:11,855:DEBUG:run-000:heatAnalysis _run_callbacks
2018-07-23 16:27:11,856:WARNING:run-000 run heatAnalysis was not killed intentionally
2018-07-23 16:27:11,856:DEBUG:finished run, free nodes 1 -> 2
2018-07-23 16:27:14,770:DEBUG:run-000:heatSimulation LD_LIBRARY_PATH=/Users/Swati/Documents/INSTALLS/lib
2018-07-23 16:27:14,776:INFO:run-000:heatSimulation start pid=63013 pgid=63013 args=['/usr/local/bin/mpiexec', '-n', '2', '/Users/Swati/Documents/Projects/Dynamic_workflow/heat2d/cpp/heatSimulation', 'sim.bp', '2', '1', '40', '50', '100000', '100000']
2018-07-23 16:27:15,828:DEBUG:run-000:heatSimulation _pgroup_wait max delay 120
2018-07-23 16:27:15,828:INFO:run-000:heatSimulation done 63013 134
2018-07-23 16:27:15,829:DEBUG:run-000:heatSimulation _run_callbacks
2018-07-23 16:27:15,829:WARNING:run-000 run heatSimulation was not killed intentionally
2018-07-23 16:27:15,829:DEBUG:run-000 _execute_done_callbacks
2018-07-23 16:27:15,830:DEBUG:finished run, free nodes 2 -> 4
2018-07-23 22:11:42,146:DEBUG:starting pipeline run-000, free nodes 4 -> 1
2018-07-23 22:11:42,148:DEBUG:run-000:heatAnalysis LD_LIBRARY_PATH=/Users/Swati/Documents/INSTALLS/lib
2018-07-23 22:11:42,155:INFO:run-000:heatAnalysis start pid=65716 pgid=65716 args=['/usr/local/bin/mpiexec', '-n', '1', '/Users/Swati/Documents/Projects/Dynamic_workflow/heat2d/cpp/heatAnalysis', 'sim.bp', 'heat_res.bp', '1', '1']
2018-07-23 22:11:47,149:DEBUG:run-000:heatSimulation LD_LIBRARY_PATH=/Users/Swati/Documents/INSTALLS/lib
2018-07-23 22:11:47,153:INFO:run-000:heatSimulation start pid=65718 pgid=65718 args=['/usr/local/bin/mpiexec', '-n', '2', '/Users/Swati/Documents/Projects/Dynamic_workflow/heat2d/cpp/heatSimulation', 'sim.bp', '2', '1', '40', '50', '100000', '100000']
2018-07-23 22:12:19,235:WARNING:killing  and adding a new task...

2018-07-23 22:12:19,236:WARNING:run-000:heatSimulation kill requested
2018-07-23 22:12:19,238:DEBUG:run-000:heatSimulation _term_kill
2018-07-23 22:12:20,284:DEBUG:run-000:heatSimulation _pgroup_wait max delay 120
2018-07-23 22:12:20,284:INFO:run-000:heatSimulation done 65718 1
2018-07-23 22:12:20,285:DEBUG:run-000:heatSimulation _run_basic_callbacks
2018-07-23 22:12:20,285:WARNING:run-000 run heatSimulation was killed intentionally
2018-07-23 22:12:49,244:DEBUG:run-000:heatSimulation LD_LIBRARY_PATH=/Users/Swati/Documents/INSTALLS/lib
2018-07-23 22:12:49,264:INFO:run-000:heatSimulation start pid=65730 pgid=65730 args=['/usr/local/bin/mpiexec', '-n', '4', '/Users/Swati/Documents/Projects/Dynamic_workflow/heat2d/cpp/heatSimulation', 'sim.bp', '2', '2', '40', '50', '100000', '100000']
2018-07-23 22:12:49,344:DEBUG:run-000:heatSimulation _pgroup_wait max delay 120
2018-07-23 22:12:49,345:INFO:run-000:heatSimulation done 65730 1
2018-07-23 22:12:49,346:DEBUG:run-000:heatSimulation _run_callbacks
2018-07-23 22:12:49,346:DEBUG:finished run, free nodes 1 -> 2
2018-07-23 22:12:49,347:WARNING:run-000 run heatSimulation was not killed intentionally
2018-07-24 14:48:57,395:DEBUG:starting pipeline run-000, free nodes 4 -> 1
2018-07-24 14:48:57,399:DEBUG:run-000:heatAnalysis LD_LIBRARY_PATH=/Users/Swati/Documents/INSTALLS/lib
2018-07-24 14:48:57,404:ERROR:exception in Run thread
Traceback (most recent call last):
  File "/Users/Swati/Documents/Projects/Dynamic_workflow/cheetah/codar/workflow/model.py", line 162, in run
    self._run()
  File "/Users/Swati/Documents/Projects/Dynamic_workflow/cheetah/codar/workflow/model.py", line 226, in _run
    self.connection_path = _get_path(self.working_dir, CONNECTION_NAME + "." + self._p.pid)
TypeError: can only concatenate str (not "int") to str
2018-07-24 14:48:57,405:DEBUG:run-000:heatAnalysis _run_callbacks
2018-07-24 14:48:57,405:WARNING:run-000 run heatAnalysis was not killed intentionally
2018-07-24 14:48:57,405:DEBUG:finished run, free nodes 1 -> 2
2018-07-24 14:49:02,404:DEBUG:run-000:heatSimulation LD_LIBRARY_PATH=/Users/Swati/Documents/INSTALLS/lib
2018-07-24 14:49:02,409:ERROR:exception in Run thread
Traceback (most recent call last):
  File "/Users/Swati/Documents/Projects/Dynamic_workflow/cheetah/codar/workflow/model.py", line 162, in run
    self._run()
  File "/Users/Swati/Documents/Projects/Dynamic_workflow/cheetah/codar/workflow/model.py", line 226, in _run
    self.connection_path = _get_path(self.working_dir, CONNECTION_NAME + "." + self._p.pid)
TypeError: can only concatenate str (not "int") to str
2018-07-24 14:49:02,410:DEBUG:run-000:heatSimulation _run_callbacks
2018-07-24 14:49:02,410:WARNING:run-000 run heatSimulation was not killed intentionally
2018-07-24 14:49:02,410:DEBUG:run-000 _execute_done_callbacks
2018-07-24 14:49:02,413:DEBUG:finished run, free nodes 2 -> 4
2018-08-19 22:02:06,029:DEBUG:starting pipeline run-000, free nodes 4 -> 1
2018-08-19 22:02:06,038:DEBUG:run-000:heatAnalysis LD_LIBRARY_PATH=/Users/Swati/Documents/INSTALLS/lib
2018-08-19 22:02:06,045:ERROR:exception in Run thread
Traceback (most recent call last):
  File "/Users/Swati/Documents/Projects/Dynamic_workflow/cheetah/codar/workflow/model.py", line 163, in run
    self._run()
  File "/Users/Swati/Documents/Projects/Dynamic_workflow/cheetah/codar/workflow/model.py", line 227, in _run
    self.connection_path = _get_path(self.app_path, CONNECTION_NAME + "." + str(self._p.pid), None)
  File "/Users/Swati/Documents/Projects/Dynamic_workflow/cheetah/codar/workflow/model.py", line 46, in _get_path
    path = os.path.join(default_dir, path)
  File "/usr/local/Cellar/python/3.7.0/Frameworks/Python.framework/Versions/3.7/lib/python3.7/posixpath.py", line 80, in join
    a = os.fspath(a)
TypeError: expected str, bytes or os.PathLike object, not NoneType
2018-08-19 22:02:06,047:DEBUG:run-000:heatAnalysis _run_callbacks
2018-08-19 22:02:06,047:WARNING:run-000 run heatAnalysis was not killed intentionally
2018-08-19 22:02:06,048:DEBUG:finished run, free nodes 1 -> 2
2018-08-19 22:02:11,035:DEBUG:run-000:heatSimulation LD_LIBRARY_PATH=/Users/Swati/Documents/INSTALLS/lib
2018-08-19 22:02:11,043:ERROR:exception in Run thread
Traceback (most recent call last):
  File "/Users/Swati/Documents/Projects/Dynamic_workflow/cheetah/codar/workflow/model.py", line 163, in run
    self._run()
  File "/Users/Swati/Documents/Projects/Dynamic_workflow/cheetah/codar/workflow/model.py", line 227, in _run
    self.connection_path = _get_path(self.app_path, CONNECTION_NAME + "." + str(self._p.pid), None)
  File "/Users/Swati/Documents/Projects/Dynamic_workflow/cheetah/codar/workflow/model.py", line 46, in _get_path
    path = os.path.join(default_dir, path)
  File "/usr/local/Cellar/python/3.7.0/Frameworks/Python.framework/Versions/3.7/lib/python3.7/posixpath.py", line 80, in join
    a = os.fspath(a)
TypeError: expected str, bytes or os.PathLike object, not NoneType
2018-08-19 22:02:11,045:DEBUG:run-000:heatSimulation _run_callbacks
2018-08-19 22:02:11,045:WARNING:run-000 run heatSimulation was not killed intentionally
2018-08-19 22:02:11,045:DEBUG:run-000 _execute_done_callbacks
2018-08-19 22:02:11,047:DEBUG:finished run, free nodes 2 -> 4
2018-08-19 22:15:16,176:DEBUG:starting pipeline run-000, free nodes 4 -> 1
2018-08-19 22:15:16,180:DEBUG:run-000:heatAnalysis LD_LIBRARY_PATH=/Users/Swati/Documents/INSTALLS/lib
2018-08-19 22:15:16,190:ERROR:exception in Run thread
Traceback (most recent call last):
  File "/Users/Swati/Documents/Projects/Dynamic_workflow/cheetah/codar/workflow/model.py", line 163, in run
    self._run()
  File "/Users/Swati/Documents/Projects/Dynamic_workflow/cheetah/codar/workflow/model.py", line 227, in _run
    self.connection_path = _get_path(self.app_path, str(CONNECTION_NAME) + "." + str(self._p.pid), None)
  File "/Users/Swati/Documents/Projects/Dynamic_workflow/cheetah/codar/workflow/model.py", line 46, in _get_path
    path = os.path.join(default_dir, path)
  File "/usr/local/Cellar/python/3.7.0/Frameworks/Python.framework/Versions/3.7/lib/python3.7/posixpath.py", line 80, in join
    a = os.fspath(a)
TypeError: expected str, bytes or os.PathLike object, not NoneType
2018-08-19 22:15:16,192:DEBUG:run-000:heatAnalysis _run_callbacks
2018-08-19 22:15:16,193:WARNING:run-000 run heatAnalysis was not killed intentionally
2018-08-19 22:15:16,193:DEBUG:finished run, free nodes 1 -> 2
2018-08-19 22:15:21,181:DEBUG:run-000:heatSimulation LD_LIBRARY_PATH=/Users/Swati/Documents/INSTALLS/lib
2018-08-19 22:15:21,188:ERROR:exception in Run thread
Traceback (most recent call last):
  File "/Users/Swati/Documents/Projects/Dynamic_workflow/cheetah/codar/workflow/model.py", line 163, in run
    self._run()
  File "/Users/Swati/Documents/Projects/Dynamic_workflow/cheetah/codar/workflow/model.py", line 227, in _run
    self.connection_path = _get_path(self.app_path, str(CONNECTION_NAME) + "." + str(self._p.pid), None)
  File "/Users/Swati/Documents/Projects/Dynamic_workflow/cheetah/codar/workflow/model.py", line 46, in _get_path
    path = os.path.join(default_dir, path)
  File "/usr/local/Cellar/python/3.7.0/Frameworks/Python.framework/Versions/3.7/lib/python3.7/posixpath.py", line 80, in join
    a = os.fspath(a)
TypeError: expected str, bytes or os.PathLike object, not NoneType
2018-08-19 22:15:21,189:DEBUG:run-000:heatSimulation _run_callbacks
2018-08-19 22:15:21,189:WARNING:run-000 run heatSimulation was not killed intentionally
2018-08-19 22:15:21,189:DEBUG:run-000 _execute_done_callbacks
2018-08-19 22:15:21,191:DEBUG:finished run, free nodes 2 -> 4
2018-08-19 22:16:07,091:DEBUG:starting pipeline run-000, free nodes 4 -> 1
2018-08-19 22:16:07,093:DEBUG:run-000:heatAnalysis LD_LIBRARY_PATH=/Users/Swati/Documents/INSTALLS/lib
2018-08-19 22:16:07,101:ERROR:exception in Run thread
Traceback (most recent call last):
  File "/Users/Swati/Documents/Projects/Dynamic_workflow/cheetah/codar/workflow/model.py", line 163, in run
    self._run()
  File "/Users/Swati/Documents/Projects/Dynamic_workflow/cheetah/codar/workflow/model.py", line 227, in _run
    self.connection_path = _get_path(self.app_path, str(CONNECTION_NAME) + "." + str(self._p.pid), None)
  File "/Users/Swati/Documents/Projects/Dynamic_workflow/cheetah/codar/workflow/model.py", line 46, in _get_path
    path = os.path.join(default_dir, path)
  File "/usr/local/Cellar/python/3.7.0/Frameworks/Python.framework/Versions/3.7/lib/python3.7/posixpath.py", line 80, in join
    a = os.fspath(a)
TypeError: expected str, bytes or os.PathLike object, not NoneType
2018-08-19 22:16:07,104:DEBUG:run-000:heatAnalysis _run_callbacks
2018-08-19 22:16:07,104:DEBUG:finished run, free nodes 1 -> 2
2018-08-19 22:16:07,105:WARNING:run-000 run heatAnalysis was not killed intentionally
2018-08-19 22:16:12,122:DEBUG:run-000:heatSimulation LD_LIBRARY_PATH=/Users/Swati/Documents/INSTALLS/lib
2018-08-19 22:16:12,140:ERROR:exception in Run thread
Traceback (most recent call last):
  File "/Users/Swati/Documents/Projects/Dynamic_workflow/cheetah/codar/workflow/model.py", line 163, in run
    self._run()
  File "/Users/Swati/Documents/Projects/Dynamic_workflow/cheetah/codar/workflow/model.py", line 227, in _run
    self.connection_path = _get_path(self.app_path, str(CONNECTION_NAME) + "." + str(self._p.pid), None)
  File "/Users/Swati/Documents/Projects/Dynamic_workflow/cheetah/codar/workflow/model.py", line 46, in _get_path
    path = os.path.join(default_dir, path)
  File "/usr/local/Cellar/python/3.7.0/Frameworks/Python.framework/Versions/3.7/lib/python3.7/posixpath.py", line 80, in join
    a = os.fspath(a)
TypeError: expected str, bytes or os.PathLike object, not NoneType
2018-08-19 22:16:12,143:DEBUG:run-000:heatSimulation _run_callbacks
2018-08-19 22:16:12,143:DEBUG:finished run, free nodes 2 -> 4
2018-08-19 22:16:12,145:WARNING:run-000 run heatSimulation was not killed intentionally
2018-08-19 22:16:12,146:DEBUG:run-000 _execute_done_callbacks
2018-08-19 22:21:30,578:DEBUG:starting pipeline run-000, free nodes 4 -> 1
2018-08-19 22:21:30,580:DEBUG:run-000:heatAnalysis LD_LIBRARY_PATH=/Users/Swati/Documents/INSTALLS/lib
2018-08-19 22:21:30,589:ERROR:exception in Run thread
Traceback (most recent call last):
  File "/Users/Swati/Documents/Projects/Dynamic_workflow/cheetah/codar/workflow/model.py", line 163, in run
    self._run()
  File "/Users/Swati/Documents/Projects/Dynamic_workflow/cheetah/codar/workflow/model.py", line 227, in _run
    print("APP dir : " + self.app_path);
TypeError: can only concatenate str (not "NoneType") to str
2018-08-19 22:21:30,590:DEBUG:run-000:heatAnalysis _run_callbacks
2018-08-19 22:21:30,590:WARNING:run-000 run heatAnalysis was not killed intentionally
2018-08-19 22:21:30,590:DEBUG:finished run, free nodes 1 -> 2
2018-08-19 22:21:35,588:DEBUG:run-000:heatSimulation LD_LIBRARY_PATH=/Users/Swati/Documents/INSTALLS/lib
2018-08-19 22:21:35,594:ERROR:exception in Run thread
Traceback (most recent call last):
  File "/Users/Swati/Documents/Projects/Dynamic_workflow/cheetah/codar/workflow/model.py", line 163, in run
    self._run()
  File "/Users/Swati/Documents/Projects/Dynamic_workflow/cheetah/codar/workflow/model.py", line 227, in _run
    print("APP dir : " + self.app_path);
TypeError: can only concatenate str (not "NoneType") to str
2018-08-19 22:21:35,595:DEBUG:run-000:heatSimulation _run_callbacks
2018-08-19 22:21:35,595:WARNING:run-000 run heatSimulation was not killed intentionally
2018-08-19 22:21:35,596:DEBUG:run-000 _execute_done_callbacks
2018-08-19 22:21:35,600:DEBUG:finished run, free nodes 2 -> 4
2018-08-19 22:23:32,762:DEBUG:starting pipeline run-000, free nodes 4 -> 1
2018-08-19 22:23:32,763:DEBUG:run-000:heatAnalysis LD_LIBRARY_PATH=/Users/Swati/Documents/INSTALLS/lib
2018-08-19 22:23:32,770:DEBUG:run-000:heatAnalysis _run_basic_callbacks
2018-08-19 22:23:32,771:INFO:run-000:heatAnalysis start pid=29874 pgid=29874 args=['/usr/local/bin/mpiexec', '-n', '1', '/Users/Swati/Documents/Projects/Dynamic_workflow/heat2d/cpp/heatAnalysis', 'sim.bp', 'heat_res.bp', '1', '1']
2018-08-19 22:23:37,766:DEBUG:run-000:heatSimulation LD_LIBRARY_PATH=/Users/Swati/Documents/INSTALLS/lib
2018-08-19 22:23:37,773:DEBUG:run-000:heatSimulation _run_basic_callbacks
2018-08-19 22:23:37,774:INFO:run-000:heatSimulation start pid=29877 pgid=29877 args=['/usr/local/bin/mpiexec', '-n', '2', '/Users/Swati/Documents/Projects/Dynamic_workflow/heat2d/cpp/heatSimulation', 'sim.bp', '2', '1', '40', '50', '100000', '100000']
2018-08-19 22:24:02,300:WARNING:killing  and adding a new task...

2018-08-19 22:24:02,302:WARNING:run-000:heatSimulation kill requested
2018-08-19 22:24:02,302:DEBUG:run-000:heatSimulation _term_kill
2018-08-19 22:24:03,387:DEBUG:run-000:heatSimulation _pgroup_wait max delay 120
2018-08-19 22:24:03,387:INFO:run-000:heatSimulation done 29877 1
2018-08-19 22:24:03,390:DEBUG:run-000:heatSimulation _run_basic_callbacks
2018-08-19 22:24:03,390:WARNING:run-000 run heatSimulation was killed intentionally
2018-08-19 22:24:32,320:DEBUG:run-000:heatSimulation LD_LIBRARY_PATH=/Users/Swati/Documents/INSTALLS/lib
2018-08-19 22:24:32,337:DEBUG:run-000:heatSimulation _run_basic_callbacks
2018-08-19 22:24:32,338:INFO:run-000:heatSimulation start pid=29883 pgid=29883 args=['/usr/local/bin/mpiexec', '-n', '3', '/Users/Swati/Documents/Projects/Dynamic_workflow/heat2d/cpp/heatSimulation', 'sim.bp', '3', '1', '40', '50', '100000', '100000']
2018-08-19 22:24:32,462:DEBUG:run-000:heatSimulation _pgroup_wait max delay 120
2018-08-19 22:24:32,462:INFO:run-000:heatSimulation done 29883 1
2018-08-19 22:24:32,463:DEBUG:run-000:heatSimulation _run_callbacks
2018-08-19 22:24:32,463:DEBUG:finished run, free nodes 1 -> 2
2018-08-19 22:24:32,464:WARNING:run-000 run heatSimulation was not killed intentionally
2018-08-19 22:25:28,337:DEBUG:starting pipeline run-000, free nodes 4 -> 1
2018-08-19 22:25:28,340:DEBUG:run-000:heatAnalysis LD_LIBRARY_PATH=/Users/Swati/Documents/INSTALLS/lib
2018-08-19 22:25:28,348:DEBUG:run-000:heatAnalysis _run_basic_callbacks
2018-08-19 22:25:28,348:INFO:run-000:heatAnalysis start pid=29896 pgid=29896 args=['/usr/local/bin/mpiexec', '-n', '1', '/Users/Swati/Documents/Projects/Dynamic_workflow/heat2d/cpp/heatAnalysis', 'sim.bp', 'heat_res.bp', '1', '1']
2018-08-19 22:25:33,343:DEBUG:run-000:heatSimulation LD_LIBRARY_PATH=/Users/Swati/Documents/INSTALLS/lib
2018-08-19 22:25:33,351:DEBUG:run-000:heatSimulation _run_basic_callbacks
2018-08-19 22:25:33,351:INFO:run-000:heatSimulation start pid=29898 pgid=29898 args=['/usr/local/bin/mpiexec', '-n', '2', '/Users/Swati/Documents/Projects/Dynamic_workflow/heat2d/cpp/heatSimulation', 'sim.bp', '2', '1', '40', '50', '100000', '100000']
2018-08-22 12:32:25,721:DEBUG:starting pipeline run-000, free nodes 4 -> 1
2018-08-22 12:32:25,723:DEBUG:run-000:heatAnalysis LD_LIBRARY_PATH=/Users/Swati/Documents/INSTALLS/lib
2018-08-22 12:32:25,729:DEBUG:run-000:heatAnalysis _run_basic_callbacks
2018-08-22 12:32:25,730:INFO:run-000:heatAnalysis start pid=35381 pgid=35381 args=['/usr/local/bin/mpiexec', '-n', '1', '/Users/Swati/Documents/Projects/Dynamic_workflow/heat2d/cpp/heatAnalysis', 'sim.bp', 'heat_res.bp', '1', '1']
2018-08-22 12:32:30,727:DEBUG:run-000:heatSimulation LD_LIBRARY_PATH=/Users/Swati/Documents/INSTALLS/lib
2018-08-22 12:32:30,734:DEBUG:run-000:heatSimulation _run_basic_callbacks
2018-08-22 12:32:30,734:INFO:run-000:heatSimulation start pid=35383 pgid=35383 args=['/usr/local/bin/mpiexec', '-n', '2', '/Users/Swati/Documents/Projects/Dynamic_workflow/heat2d/cpp/heatSimulation', 'sim.bp', '2', '1', '40', '50', '100000', '100000']
2018-08-22 12:32:56,154:WARNING:killing  and adding a new task...

2018-08-22 12:32:56,155:WARNING:run-000:heatAnalysis kill requested
2018-08-22 12:32:56,155:DEBUG:run-000:heatAnalysis _term_kill
2018-08-22 12:32:57,221:DEBUG:run-000:heatAnalysis _pgroup_wait max delay 120
2018-08-22 12:32:57,221:INFO:run-000:heatAnalysis done 35381 1
2018-08-22 12:32:57,222:DEBUG:run-000:heatAnalysis _run_basic_callbacks
2018-08-22 12:32:57,222:WARNING:run-000 run heatAnalysis was killed intentionally
2018-08-22 12:33:26,161:DEBUG:run-000:heatAnalysis LD_LIBRARY_PATH=/Users/Swati/Documents/INSTALLS/lib
2018-08-22 12:33:26,174:DEBUG:run-000:heatAnalysis _run_basic_callbacks
2018-08-22 12:33:26,174:INFO:run-000:heatAnalysis start pid=35388 pgid=35388 args=['/usr/local/bin/mpiexec', '-n', '2', '/Users/Swati/Documents/Projects/Dynamic_workflow/heat2d/cpp/heatAnalysis', 'sim.bp', 'heat_res.bp', '2', '1']
2018-08-22 12:35:29,451:WARNING:killing  and adding a new task...

2018-08-22 12:35:29,453:WARNING:run-000:heatAnalysis kill requested
2018-08-22 12:35:29,453:DEBUG:run-000:heatAnalysis _term_kill
2018-08-22 12:35:30,521:DEBUG:run-000:heatAnalysis _pgroup_wait max delay 120
2018-08-22 12:35:30,522:INFO:run-000:heatAnalysis done 35388 1
2018-08-22 12:35:30,522:DEBUG:run-000:heatAnalysis _run_basic_callbacks
2018-08-22 12:35:30,523:WARNING:run-000 run heatAnalysis was killed intentionally
2018-08-22 12:35:59,463:DEBUG:run-000:heatAnalysis LD_LIBRARY_PATH=/Users/Swati/Documents/INSTALLS/lib
2018-08-22 12:35:59,476:DEBUG:run-000:heatAnalysis _run_basic_callbacks
2018-08-22 12:35:59,477:INFO:run-000:heatAnalysis start pid=35395 pgid=35395 args=['/usr/local/bin/mpiexec', '-n', '1', '/Users/Swati/Documents/Projects/Dynamic_workflow/heat2d/cpp/heatAnalysis', 'sim.bp', 'heat_res.bp', '1', '1']
2018-08-22 12:37:08,958:WARNING:killing  and adding a new task...

2018-08-22 12:37:08,959:WARNING:run-000:heatSimulation kill requested
2018-08-22 12:37:08,960:DEBUG:run-000:heatSimulation _term_kill
2018-08-22 12:37:10,036:DEBUG:run-000:heatSimulation _pgroup_wait max delay 120
2018-08-22 12:37:10,037:INFO:run-000:heatSimulation done 35383 1
2018-08-22 12:37:10,038:DEBUG:run-000:heatSimulation _run_basic_callbacks
2018-08-22 12:37:10,038:WARNING:run-000 run heatSimulation was killed intentionally
2018-08-22 12:37:38,971:DEBUG:run-000:heatSimulation LD_LIBRARY_PATH=/Users/Swati/Documents/INSTALLS/lib
2018-08-22 12:37:38,986:DEBUG:run-000:heatSimulation _run_basic_callbacks
2018-08-22 12:37:38,986:INFO:run-000:heatSimulation start pid=35398 pgid=35398 args=['/usr/local/bin/mpiexec', '-n', '3', '/Users/Swati/Documents/Projects/Dynamic_workflow/heat2d/cpp/heatSimulation', 'sim.bp', '3', '1', '40', '50', '100000', '100000']
2018-08-22 12:37:39,061:DEBUG:run-000:heatSimulation _pgroup_wait max delay 120
2018-08-22 12:37:39,063:INFO:run-000:heatSimulation done 35398 1
2018-08-22 12:37:39,065:DEBUG:run-000:heatSimulation _run_callbacks
2018-08-22 12:37:39,065:DEBUG:finished run, free nodes 1 -> 2
2018-08-22 12:37:39,065:WARNING:run-000 run heatSimulation was not killed intentionally
